Archive member included to satisfy reference by file (symbol)

C:/ST/STM32CubeCLT_1.18.0/GNU-tools-for-STM32/bin/../lib/gcc/arm-none-eabi/13.3.1/../../../../arm-none-eabi/lib/thumb/v7e-m+dp/hard\libc_nano.a(libc_a-exit.o)
                              C:/ST/STM32CubeCLT_1.18.0/GNU-tools-for-STM32/bin/../lib/gcc/arm-none-eabi/13.3.1/../../../../arm-none-eabi/lib/thumb/v7e-m+dp/hard/crt0.o (exit)
C:/ST/STM32CubeCLT_1.18.0/GNU-tools-for-STM32/bin/../lib/gcc/arm-none-eabi/13.3.1/../../../../arm-none-eabi/lib/thumb/v7e-m+dp/hard\libc_nano.a(libc_a-nano-vfprintf_float.o)
                              (_printf_float)
C:/ST/STM32CubeCLT_1.18.0/GNU-tools-for-STM32/bin/../lib/gcc/arm-none-eabi/13.3.1/../../../../arm-none-eabi/lib/thumb/v7e-m+dp/hard\libc_nano.a(libc_a-nano-vfprintf_i.o)
                              C:/ST/STM32CubeCLT_1.18.0/GNU-tools-for-STM32/bin/../lib/gcc/arm-none-eabi/13.3.1/../../../../arm-none-eabi/lib/thumb/v7e-m+dp/hard\libc_nano.a(libc_a-nano-vfprintf_float.o) (_printf_common)
C:/ST/STM32CubeCLT_1.18.0/GNU-tools-for-STM32/bin/../lib/gcc/arm-none-eabi/13.3.1/../../../../arm-none-eabi/lib/thumb/v7e-m+dp/hard\libc_nano.a(libc_a-findfp.o)
                              C:/ST/STM32CubeCLT_1.18.0/GNU-tools-for-STM32/bin/../lib/gcc/arm-none-eabi/13.3.1/../../../../arm-none-eabi/lib/thumb/v7e-m+dp/hard\libc_nano.a(libc_a-exit.o) (__stdio_exit_handler)
C:/ST/STM32CubeCLT_1.18.0/GNU-tools-for-STM32/bin/../lib/gcc/arm-none-eabi/13.3.1/../../../../arm-none-eabi/lib/thumb/v7e-m+dp/hard\libc_nano.a(libc_a-fwalk.o)
                              C:/ST/STM32CubeCLT_1.18.0/GNU-tools-for-STM32/bin/../lib/gcc/arm-none-eabi/13.3.1/../../../../arm-none-eabi/lib/thumb/v7e-m+dp/hard\libc_nano.a(libc_a-findfp.o) (_fwalk_sglue)
C:/ST/STM32CubeCLT_1.18.0/GNU-tools-for-STM32/bin/../lib/gcc/arm-none-eabi/13.3.1/../../../../arm-none-eabi/lib/thumb/v7e-m+dp/hard\libc_nano.a(libc_a-stdio.o)
                              C:/ST/STM32CubeCLT_1.18.0/GNU-tools-for-STM32/bin/../lib/gcc/arm-none-eabi/13.3.1/../../../../arm-none-eabi/lib/thumb/v7e-m+dp/hard\libc_nano.a(libc_a-findfp.o) (__sread)
C:/ST/STM32CubeCLT_1.18.0/GNU-tools-for-STM32/bin/../lib/gcc/arm-none-eabi/13.3.1/../../../../arm-none-eabi/lib/thumb/v7e-m+dp/hard\libc_nano.a(libc_a-memset.o)
                              C:/ST/STM32CubeCLT_1.18.0/GNU-tools-for-STM32/bin/../lib/gcc/arm-none-eabi/13.3.1/../../../../arm-none-eabi/lib/thumb/v7e-m+dp/hard/crt0.o (memset)
C:/ST/STM32CubeCLT_1.18.0/GNU-tools-for-STM32/bin/../lib/gcc/arm-none-eabi/13.3.1/../../../../arm-none-eabi/lib/thumb/v7e-m+dp/hard\libc_nano.a(libc_a-localeconv.o)
                              C:/ST/STM32CubeCLT_1.18.0/GNU-tools-for-STM32/bin/../lib/gcc/arm-none-eabi/13.3.1/../../../../arm-none-eabi/lib/thumb/v7e-m+dp/hard\libc_nano.a(libc_a-nano-vfprintf_float.o) (_localeconv_r)
C:/ST/STM32CubeCLT_1.18.0/GNU-tools-for-STM32/bin/../lib/gcc/arm-none-eabi/13.3.1/../../../../arm-none-eabi/lib/thumb/v7e-m+dp/hard\libc_nano.a(libc_a-closer.o)
                              C:/ST/STM32CubeCLT_1.18.0/GNU-tools-for-STM32/bin/../lib/gcc/arm-none-eabi/13.3.1/../../../../arm-none-eabi/lib/thumb/v7e-m+dp/hard\libc_nano.a(libc_a-stdio.o) (_close_r)
C:/ST/STM32CubeCLT_1.18.0/GNU-tools-for-STM32/bin/../lib/gcc/arm-none-eabi/13.3.1/../../../../arm-none-eabi/lib/thumb/v7e-m+dp/hard\libc_nano.a(libc_a-reent.o)
                              C:/ST/STM32CubeCLT_1.18.0/GNU-tools-for-STM32/bin/../lib/gcc/arm-none-eabi/13.3.1/../../../../arm-none-eabi/lib/thumb/v7e-m+dp/hard\libc_nano.a(libc_a-closer.o) (errno)
C:/ST/STM32CubeCLT_1.18.0/GNU-tools-for-STM32/bin/../lib/gcc/arm-none-eabi/13.3.1/../../../../arm-none-eabi/lib/thumb/v7e-m+dp/hard\libc_nano.a(libc_a-impure.o)
                              C:/ST/STM32CubeCLT_1.18.0/GNU-tools-for-STM32/bin/../lib/gcc/arm-none-eabi/13.3.1/../../../../arm-none-eabi/lib/thumb/v7e-m+dp/hard\libc_nano.a(libc_a-reent.o) (_impure_ptr)
C:/ST/STM32CubeCLT_1.18.0/GNU-tools-for-STM32/bin/../lib/gcc/arm-none-eabi/13.3.1/../../../../arm-none-eabi/lib/thumb/v7e-m+dp/hard\libc_nano.a(libc_a-lseekr.o)
                              C:/ST/STM32CubeCLT_1.18.0/GNU-tools-for-STM32/bin/../lib/gcc/arm-none-eabi/13.3.1/../../../../arm-none-eabi/lib/thumb/v7e-m+dp/hard\libc_nano.a(libc_a-stdio.o) (_lseek_r)
C:/ST/STM32CubeCLT_1.18.0/GNU-tools-for-STM32/bin/../lib/gcc/arm-none-eabi/13.3.1/../../../../arm-none-eabi/lib/thumb/v7e-m+dp/hard\libc_nano.a(libc_a-readr.o)
                              C:/ST/STM32CubeCLT_1.18.0/GNU-tools-for-STM32/bin/../lib/gcc/arm-none-eabi/13.3.1/../../../../arm-none-eabi/lib/thumb/v7e-m+dp/hard\libc_nano.a(libc_a-stdio.o) (_read_r)
C:/ST/STM32CubeCLT_1.18.0/GNU-tools-for-STM32/bin/../lib/gcc/arm-none-eabi/13.3.1/../../../../arm-none-eabi/lib/thumb/v7e-m+dp/hard\libc_nano.a(libc_a-writer.o)
[...]
Memory Configuration

Name             Origin             Length             Attributes
DTCMRAM          0x20000000         0x00020000         xrw
RAM              0x24000000         0x00080000         xrw
RAM_D2           0x30000000         0x00048000         xrw
RAM_D3           0x38000000         0x00010000         xrw
ITCMRAM          0x00000000         0x00010000         xrw
FLASH            0x08000000         0x00200000         xr
*default*        0x00000000         0xffffffff

Linker script and memory map

LOAD C:/ST/STM32CubeCLT_1.18.0/GNU-tools-for-STM32/bin/../lib/gcc/arm-none-eabi/13.3.1/thumb/v7e-m+dp/hard/crti.o
LOAD C:/ST/STM32CubeCLT_1.18.0/GNU-tools-for-STM32/bin/../lib/gcc/arm-none-eabi/13.3.1/thumb/v7e-m+dp/hard/crtbegin.o
LOAD C:/ST/STM32CubeCLT_1.18.0/GNU-tools-for-STM32/bin/../lib/gcc/arm-none-eabi/13.3.1/../../../../arm-none-eabi/lib/thumb/v7e-m+dp/hard/crt0.o
START GROUP
LOAD C:/ST/STM32CubeCLT_1.18.0/GNU-tools-for-STM32/bin/../lib/gcc/arm-none-eabi/13.3.1/../../../../arm-none-eabi/lib/thumb/v7e-m+dp/hard\libc_nano.a
LOAD C:/ST/STM32CubeCLT_1.18.0/GNU-tools-for-STM32/bin/../lib/gcc/arm-none-eabi/13.3.1/../../../../arm-none-eabi/lib/thumb/v7e-m+dp/hard\libm.a
END GROUP
LOAD CMakeFiles/Final_Bao.dir/Core/Src/Prog_manager.c.obj
LOAD CMakeFiles/Final_Bao.dir/Core/Src/action.c.obj
LOAD CMakeFiles/Final_Bao.dir/Core/Src/gpio_module.c.obj
LOAD CMakeFiles/Final_Bao.dir/Core/Src/keypad.c.obj
LOAD CMakeFiles/Final_Bao.dir/Core/Src/lcd_module.c.obj
LOAD CMakeFiles/Final_Bao.dir/Core/Src/main.c.obj
LOAD CMakeFiles/Final_Bao.dir/Core/Src/sensor_module.c.obj
LOAD CMakeFiles/Final_Bao.dir/Core/Src/stm32h7xx_hal_msp.c.obj
LOAD CMakeFiles/Final_Bao.dir/Core/Src/stm32h7xx_it.c.obj
LOAD CMakeFiles/Final_Bao.dir/Core/Src/sys_lib.c.obj
LOAD CMakeFiles/Final_Bao.dir/Core/Src/syscalls.c.obj
LOAD CMakeFiles/Final_Bao.dir/Core/Src/sysmem.c.obj
LOAD CMakeFiles/Final_Bao.dir/Core/Src/system_stm32h7xx.c.obj
LOAD CMakeFiles/Final_Bao.dir/Core/Src/uart1_module.c.obj
LOAD CMakeFiles/Final_Bao.dir/Core/Src/update_module.c.obj
LOAD CMakeFiles/Final_Bao.dir/Drivers/STM32H7xx_HAL_Driver/Src/stm32h7xx_hal_cortex.c.obj
LOAD CMakeFiles/Final_Bao.dir/Drivers/STM32H7xx_HAL_Driver/Src/stm32h7xx_hal_i2c.c.obj
LOAD CMakeFiles/Final_Bao.dir/Drivers/STM32H7xx_HAL_Driver/Src/stm32h7xx_hal_i2c_ex.c.obj
LOAD CMakeFiles/Final_Bao.dir/Drivers/STM32H7xx_HAL_Driver/Src/stm32h7xx_hal_rcc.c.obj
LOAD CMakeFiles/Final_Bao.dir/Drivers/STM32H7xx_HAL_Driver/Src/stm32h7xx_hal_rcc_ex.c.obj
LOAD CMakeFiles/Final_Bao.dir/Drivers/STM32H7xx_HAL_Driver/Src/stm32h7xx_hal_flash.c.obj
LOAD CMakeFiles/Final_Bao.dir/Drivers/STM32H7xx_HAL_Driver/Src/stm32h7xx_hal_flash_ex.c.obj
LOAD CMakeFiles/Final_Bao.dir/Drivers/STM32H7xx_HAL_Driver/Src/stm32h7xx_hal_gpio.c.obj
LOAD CMakeFiles/Final_Bao.dir/Drivers/STM32H7xx_HAL_Driver/Src/stm32h7xx_hal_hsem.c.obj
LOAD CMakeFiles/Final_Bao.dir/Drivers/STM32H7xx_HAL_Driver/Src/stm32h7xx_hal_dma.c.obj
LOAD CMakeFiles/Final_Bao.dir/Drivers/STM32H7xx_HAL_Driver/Src/stm32h7xx_hal_dma_ex.c.obj
LOAD CMakeFiles/Final_Bao.dir/Drivers/STM32H7xx_HAL_Driver/Src/stm32h7xx_hal_mdma.c.obj
LOAD CMakeFiles/Final_Bao.dir/Drivers/STM32H7xx_HAL_Driver/Src/stm32h7xx_hal_pwr.c.obj
LOAD CMakeFiles/Final_Bao.dir/Drivers/STM32H7xx_HAL_Driver/Src/stm32h7xx_hal_pwr_ex.c.obj
LOAD CMakeFiles/Final_Bao.dir/Drivers/STM32H7xx_HAL_Driver/Src/stm32h7xx_hal.c.obj
LOAD CMakeFiles/Final_Bao.dir/Drivers/STM32H7xx_HAL_Driver/Src/stm32h7xx_hal_exti.c.obj
LOAD CMakeFiles/Final_Bao.dir/Drivers/STM32H7xx_HAL_Driver/Src/stm32h7xx_hal_tim.c.obj
LOAD CMakeFiles/Final_Bao.dir/Drivers/STM32H7xx_HAL_Driver/Src/stm32h7xx_hal_tim_ex.c.obj
LOAD CMakeFiles/Final_Bao.dir/Drivers/STM32H7xx_HAL_Driver/Src/stm32h7xx_hal_uart.c.obj
LOAD CMakeFiles/Final_Bao.dir/Drivers/STM32H7xx_HAL_Driver/Src/stm32h7xx_hal_uart_ex.c.obj
LOAD CMakeFiles/Final_Bao.dir/startup_stm32h743xx.s.obj
LOAD C:/ST/STM32CubeCLT_1.18.0/GNU-tools-for-STM32/bin/../lib/gcc/arm-none-eabi/13.3.1/../../../../arm-none-eabi/lib/thumb/v7e-m+dp/hard\libm.a
START GROUP
LOAD C:/ST/STM32CubeCLT_1.18.0/GNU-tools-for-STM32/bin/../lib/gcc/arm-none-eabi/13.3.1/thumb/v7e-m+dp/hard\libgcc.a
LOAD C:/ST/STM32CubeCLT_1.18.0/GNU-tools-for-STM32/bin/../lib/gcc/arm-none-eabi/13.3.1/../../../../arm-none-eabi/lib/thumb/v7e-m+dp/hard\libg_nano.a
LOAD C:/ST/STM32CubeCLT_1.18.0/GNU-tools-for-STM32/bin/../lib/gcc/arm-none-eabi/13.3.1/../../../../arm-none-eabi/lib/thumb/v7e-m+dp/hard\libc_nano.a
END GROUP
START GROUP
LOAD C:/ST/STM32CubeCLT_1.18.0/GNU-tools-for-STM32/bin/../lib/gcc/arm-none-eabi/13.3.1/thumb/v7e-m+dp/hard\libgcc.a
LOAD C:/ST/STM32CubeCLT_1.18.0/GNU-tools-for-STM32/bin/../lib/gcc/arm-none-eabi/13.3.1/../../../../arm-none-eabi/lib/thumb/v7e-m+dp/hard\libc_nano.a
END GROUP
LOAD C:/ST/STM32CubeCLT_1.18.0/GNU-tools-for-STM32/bin/../lib/gcc/arm-none-eabi/13.3.1/thumb/v7e-m+dp/hard/crtend.o
LOAD C:/ST/STM32CubeCLT_1.18.0/GNU-tools-for-STM32/bin/../lib/gcc/arm-none-eabi/13.3.1/thumb/v7e-m+dp/hard/crtn.o
                0x20020000                        _estack = (ORIGIN (DTCMRAM) + LENGTH (DTCMRAM))
                0x00000200                        _Min_Heap_Size = 0x200
                0x00000400                        _Min_Stack_Size = 0x400

.isr_vector     0x08000000      0x298
                0x08000000                        . = ALIGN (0x4)
 *(.isr_vector)
 .isr_vector    0x08000000      0x298 CMakeFiles/Final_Bao.dir/startup_stm32h743xx.s.obj
                0x08000000                g_pfnVectors
                0x08000298                        . = ALIGN (0x4)

.text           0x080002a0     0xd914
                0x080002a0                        . = ALIGN (0x4)
 *(.text)
 .text          0x080002a0       0x40 C:/ST/STM32CubeCLT_1.18.0/GNU-tools-for-STM32/bin/../lib/gcc/arm-none-eabi/13.3.1/thumb/v7e-m+dp/hard/crtbegin.o
 .text          0x080002e0       0xa0 C:/ST/STM32CubeCLT_1.18.0/GNU-tools-for-STM32/bin/../lib/gcc/arm-none-eabi/13.3.1/../../../../arm-none-eabi/lib/thumb/v7e-m+dp/hard\libc_nano.a(libc_a-memchr.o)
                0x080002e0                memchr
 .text          0x08000380       0x10 C:/ST/STM32CubeCLT_1.18.0/GNU-tools-for-STM32/bin/../lib/gcc/arm-none-eabi/13.3.1/../../../../arm-none-eabi/lib/thumb/v7e-m+dp/hard\libc_nano.a(libc_a-strlen.o)
                0x08000380                strlen
 .text          0x08000390       0x30 C:/ST/STM32CubeCLT_1.18.0/GNU-tools-for-STM32/bin/../lib/gcc/arm-none-eabi/13.3.1/thumb/v7e-m+dp/hard\libgcc.a(_aeabi_uldivmod.o)
                0x08000390                __aeabi_uldivmod
 .text          0x080003c0      0x2f8 C:/ST/STM32CubeCLT_1.18.0/GNU-tools-for-STM32/bin/../lib/gcc/arm-none-eabi/13.3.1/thumb/v7e-m+dp/hard\libgcc.a(_udivmoddi4.o)
                0x080003c0                __udivmoddi4
 .text          0x080006b8        0x4 C:/ST/STM32CubeCLT_1.18.0/GNU-tools-for-STM32/bin/../lib/gcc/arm-none-eabi/13.3.1/thumb/v7e-m+dp/hard\libgcc.a(_dvmd_tls.o)
                0x080006b8                __aeabi_idiv0
                0x080006b8                __aeabi_ldiv0
 *(.text*)
 .text.__cvt    0x080006bc       0xa8 C:/ST/STM32CubeCLT_1.18.0/GNU-tools-for-STM32/bin/../lib/gcc/arm-none-eabi/13.3.1/../../../../arm-none-eabi/lib/thumb/v7e-m+dp/hard\libc_nano.a(libc_a-nano-vfprintf_float.o)
                0x080006bc                __cvt
 .text.__exponent
                0x08000764       0x74 C:/ST/STM32CubeCLT_1.18.0/GNU-tools-for-STM32/bin/../lib/gcc/arm-none-eabi/13.3.1/../../../../arm-none-eabi/lib/thumb/v7e-m+dp/hard\libc_nano.a(libc_a-nano-vfprintf_float.o)
                0x08000764                __exponent
 .text._printf_float
                0x080007d8      0x434 C:/ST/STM32CubeCLT_1.18.0/GNU-tools-for-STM32/bin/../lib/gcc/arm-none-eabi/13.3.1/../../../../arm-none-eabi/lib/thumb/v7e-m+dp/hard\libc_nano.a(libc_a-nano-vfprintf_float.o)
                0x080007d8                _printf_float
 .text._printf_common
                0x08000c0c       0xda C:/ST/STM32CubeCLT_1.18.0/GNU-tools-for-STM32/bin/../lib/gcc/arm-none-eabi/13.3.1/../../../../arm-none-eabi/lib/thumb/v7e-m+dp/hard\libc_nano.a(libc_a-nano-vfprintf_i.o)
                0x08000c0c                _printf_common
 *fill*         0x08000ce6        0x2 
 .text._printf_i
                0x08000ce8      0x23c C:/ST/STM32CubeCLT_1.18.0/GNU-tools-for-STM32/bin/../lib/gcc/arm-none-eabi/13.3.1/../../../../arm-none-eabi/lib/thumb/v7e-m+dp/hard\libc_nano.a(libc_a-nano-vfprintf_i.o)
                0x08000ce8                _printf_i
 .text.std      0x08000f24       0x6c C:/ST/STM32CubeCLT_1.18.0/GNU-tools-for-STM32/bin/../lib/gcc/arm-none-eabi/13.3.1/../../../../arm-none-eabi/lib/thumb/v7e-m+dp/hard\libc_nano.a(libc_a-findfp.o)
 .text.stdio_exit_handler
                0x08000f90       0x18 C:/ST/STM32CubeCLT_1.18.0/GNU-tools-for-STM32/bin/../lib/gcc/arm-none-eabi/13.3.1/../../../../arm-none-eabi/lib/thumb/v7e-m+dp/hard\libc_nano.a(libc_a-findfp.o)
 .text.cleanup_stdio
                0x08000fa8       0x40 C:/ST/STM32CubeCLT_1.18.0/GNU-tools-for-STM32/bin/../lib/gcc/arm-none-eabi/13.3.1/../../../../arm-none-eabi/lib/thumb/v7e-m+dp/hard\libc_nano.a(libc_a-findfp.o)
 .text.global_stdio_init.part.0
                0x08000fe8       0x3c C:/ST/STM32CubeCLT_1.18.0/GNU-tools-for-STM32/bin/../lib/gcc/arm-none-eabi/13.3.1/../../../../arm-none-eabi/lib/thumb/v7e-m+dp/hard\libc_nano.a(libc_a-findfp.o)
 .text.__sfp_lock_acquire
                0x08001024        0xc C:/ST/STM32CubeCLT_1.18.0/GNU-tools-for-STM32/bin/../lib/gcc/arm-none-eabi/13.3.1/../../../../arm-none-eabi/lib/thumb/v7e-m+dp/hard\libc_nano.a(libc_a-findfp.o)
                0x08001024                __sfp_lock_acquire
 .text.__sfp_lock_release
                0x08001030        0xc C:/ST/STM32CubeCLT_1.18.0/GNU-tools-for-STM32/bin/../lib/gcc/arm-none-eabi/13.3.1/../../../../arm-none-eabi/lib/thumb/v7e-m+dp/hard\libc_nano.a(libc_a-findfp.o)
                0x08001030                __sfp_lock_release
 .text.__sinit  0x0800103c       0x30 C:/ST/STM32CubeCLT_1.18.0/GNU-tools-for-STM32/bin/../lib/gcc/arm-none-eabi/13.3.1/../../../../arm-none-eabi/lib/thumb/v7e-m+dp/hard\libc_nano.a(libc_a-findfp.o)
                0x0800103c                __sinit
 .text._fwalk_sglue
                0x0800106c       0x3c C:/ST/STM32CubeCLT_1.18.0/GNU-tools-for-STM32/bin/../lib/gcc/arm-none-eabi/13.3.1/../../../../arm-none-eabi/lib/thumb/v7e-m+dp/hard\libc_nano.a(libc_a-fwalk.o)
                0x0800106c                _fwalk_sglue
 .text.__sread  0x080010a8       0x22 C:/ST/STM32CubeCLT_1.18.0/GNU-tools-for-STM32/bin/../lib/gcc/arm-none-eabi/13.3.1/../../../../arm-none-eabi/lib/thumb/v7e-m+dp/hard\libc_nano.a(libc_a-stdio.o)
                0x080010a8                __sread
 .text.__swrite
                0x080010ca       0x38 C:/ST/STM32CubeCLT_1.18.0/GNU-tools-for-STM32/bin/../lib/gcc/arm-none-eabi/13.3.1/../../../../arm-none-eabi/lib/thumb/v7e-m+dp/hard\libc_nano.a(libc_a-stdio.o)
                0x080010ca                __swrite
 .text.__sseek  0x08001102       0x24 C:/ST/STM32CubeCLT_1.18.0/GNU-tools-for-STM32/bin/../lib/gcc/arm-none-eabi/13.3.1/../../../../arm-none-eabi/lib/thumb/v7e-m+dp/hard\libc_nano.a(libc_a-stdio.o)
                0x08001102                __sseek
 .text.__sclose
                0x08001126        0x8 C:/ST/STM32CubeCLT_1.18.0/GNU-tools-for-STM32/bin/../lib/gcc/arm-none-eabi/13.3.1/../../../../arm-none-eabi/lib/thumb/v7e-m+dp/hard\libc_nano.a(libc_a-stdio.o)
                0x08001126                __sclose
 .text.memset   0x0800112e       0x10 C:/ST/STM32CubeCLT_1.18.0/GNU-tools-for-STM32/bin/../lib/gcc/arm-none-eabi/13.3.1/../../../../arm-none-eabi/lib/thumb/v7e-m+dp/hard\libc_nano.a(libc_a-memset.o)
                0x0800112e                memset
 *fill*         0x0800113e        0x2 
 .text._localeconv_r
                0x08001140        0x8 C:/ST/STM32CubeCLT_1.18.0/GNU-tools-for-STM32/bin/../lib/gcc/arm-none-eabi/13.3.1/../../../../arm-none-eabi/lib/thumb/v7e-m+dp/hard\libc_nano.a(libc_a-localeconv.o)
                0x08001140                _localeconv_r
 .text._close_r
                0x08001148       0x20 C:/ST/STM32CubeCLT_1.18.0/GNU-tools-for-STM32/bin/../lib/gcc/arm-none-eabi/13.3.1/../../../../arm-none-eabi/lib/thumb/v7e-m+dp/hard\libc_nano.a(libc_a-closer.o)
                0x08001148                _close_r
 .text._lseek_r
                0x08001168       0x24 C:/ST/STM32CubeCLT_1.18.0/GNU-tools-for-STM32/bin/../lib/gcc/arm-none-eabi/13.3.1/../../../../arm-none-eabi/lib/thumb/v7e-m+dp/hard\libc_nano.a(libc_a-lseekr.o)
                0x08001168                _lseek_r
 .text._read_r  0x0800118c       0x24 C:/ST/STM32CubeCLT_1.18.0/GNU-tools-for-STM32/bin/../lib/gcc/arm-none-eabi/13.3.1/../../../../arm-none-eabi/lib/thumb/v7e-m+dp/hard\libc_nano.a(libc_a-readr.o)
                0x0800118c                _read_r
 .text._write_r
                0x080011b0       0x24 C:/ST/STM32CubeCLT_1.18.0/GNU-tools-for-STM32/bin/../lib/gcc/arm-none-eabi/13.3.1/../../../../arm-none-eabi/lib/thumb/v7e-m+dp/hard\libc_nano.a(libc_a-writer.o)
                0x080011b0                _write_r
 .text.__libc_init_array
                0x080011d4       0x48 C:/ST/STM32CubeCLT_1.18.0/GNU-tools-for-STM32/bin/../lib/gcc/arm-none-eabi/13.3.1/../../../../arm-none-eabi/lib/thumb/v7e-m+dp/hard\libc_nano.a(libc_a-init.o)
                0x080011d4                __libc_init_array
 .text.__retarget_lock_init_recursive
                0x0800121c        0x2 C:/ST/STM32CubeCLT_1.18.0/GNU-tools-for-STM32/bin/../lib/gcc/arm-none-eabi/13.3.1/../../../../arm-none-eabi/lib/thumb/v7e-m+dp/hard\libc_nano.a(libc_a-lock.o)
                0x0800121c                __retarget_lock_init_recursive
 .text.__retarget_lock_acquire_recursive
                0x0800121e        0x2 C:/ST/STM32CubeCLT_1.18.0/GNU-tools-for-STM32/bin/../lib/gcc/arm-none-eabi/13.3.1/../../../../arm-none-eabi/lib/thumb/v7e-m+dp/hard\libc_nano.a(libc_a-lock.o)
                0x0800121e                __retarget_lock_acquire_recursive
 .text.__retarget_lock_release_recursive
                0x08001220        0x2 C:/ST/STM32CubeCLT_1.18.0/GNU-tools-for-STM32/bin/../lib/gcc/arm-none-eabi/13.3.1/../../../../arm-none-eabi/lib/thumb/v7e-m+dp/hard\libc_nano.a(libc_a-lock.o)
                0x08001220                __retarget_lock_release_recursive
 .text.quorem   0x08001222      0x110 C:/ST/STM32CubeCLT_1.18.0/GNU-tools-for-STM32/bin/../lib/gcc/arm-none-eabi/13.3.1/../../../../arm-none-eabi/lib/thumb/v7e-m+dp/hard\libc_nano.a(libc_a-dtoa.o)
 *fill*         0x08001332        0x6 
 .text._dtoa_r  0x08001338      0xabc C:/ST/STM32CubeCLT_1.18.0/GNU-tools-for-STM32/bin/../lib/gcc/arm-none-eabi/13.3.1/../../../../arm-none-eabi/lib/thumb/v7e-m+dp/hard\libc_nano.a(libc_a-dtoa.o)
                0x08001338                _dtoa_r
 .text._free_r  0x08001df4       0x94 C:/ST/STM32CubeCLT_1.18.0/GNU-tools-for-STM32/bin/../lib/gcc/arm-none-eabi/13.3.1/../../../../arm-none-eabi/lib/thumb/v7e-m+dp/hard\libc_nano.a(libc_a-freer.o)
                0x08001df4                _free_r
 .text.malloc   0x08001e88       0x10 C:/ST/STM32CubeCLT_1.18.0/GNU-tools-for-STM32/bin/../lib/gcc/arm-none-eabi/13.3.1/../../../../arm-none-eabi/lib/thumb/v7e-m+dp/hard\libc_nano.a(libc_a-malloc.o)
                0x08001e88                malloc
 .text.sbrk_aligned
                0x08001e98       0x44 C:/ST/STM32CubeCLT_1.18.0/GNU-tools-for-STM32/bin/../lib/gcc/arm-none-eabi/13.3.1/../../../../arm-none-eabi/lib/thumb/v7e-m+dp/hard\libc_nano.a(libc_a-mallocr.o)
 .text._malloc_r
                0x08001edc      0x100 C:/ST/STM32CubeCLT_1.18.0/GNU-tools-for-STM32/bin/../lib/gcc/arm-none-eabi/13.3.1/../../../../arm-none-eabi/lib/thumb/v7e-m+dp/hard\libc_nano.a(libc_a-mallocr.o)
                0x08001edc                _malloc_r
 .text.__malloc_lock
                0x08001fdc        0xc C:/ST/STM32CubeCLT_1.18.0/GNU-tools-for-STM32/bin/../lib/gcc/arm-none-eabi/13.3.1/../../../../arm-none-eabi/lib/thumb/v7e-m+dp/hard\libc_nano.a(libc_a-mlock.o)
                0x08001fdc                __malloc_lock
 .text.__malloc_unlock
                0x08001fe8        0xc C:/ST/STM32CubeCLT_1.18.0/GNU-tools-for-STM32/bin/../lib/gcc/arm-none-eabi/13.3.1/../../../../arm-none-eabi/lib/thumb/v7e-m+dp/hard\libc_nano.a(libc_a-mlock.o)
                0x08001fe8                __malloc_unlock
 .text._Balloc  0x08001ff4       0x80 C:/ST/STM32CubeCLT_1.18.0/GNU-tools-for-STM32/bin/../lib/gcc/arm-none-eabi/13.3.1/../../../../arm-none-eabi/lib/thumb/v7e-m+dp/hard\libc_nano.a(libc_a-mprec.o)
                0x08001ff4                _Balloc
 .text._Bfree   0x08002074       0x44 C:/ST/STM32CubeCLT_1.18.0/GNU-tools-for-STM32/bin/../lib/gcc/arm-none-eabi/13.3.1/../../../../arm-none-eabi/lib/thumb/v7e-m+dp/hard\libc_nano.a(libc_a-mprec.o)
                0x08002074                _Bfree
 .text.__multadd
                0x080020b8       0x8c C:/ST/STM32CubeCLT_1.18.0/GNU-tools-for-STM32/bin/../lib/gcc/arm-none-eabi/13.3.1/../../../../arm-none-eabi/lib/thumb/v7e-m+dp/hard\libc_nano.a(libc_a-mprec.o)
                0x080020b8                __multadd
 .text.__hi0bits
                0x08002144       0x3e C:/ST/STM32CubeCLT_1.18.0/GNU-tools-for-STM32/bin/../lib/gcc/arm-none-eabi/13.3.1/../../../../arm-none-eabi/lib/thumb/v7e-m+dp/hard\libc_nano.a(libc_a-mprec.o)
                0x08002144                __hi0bits
 .text.__lo0bits
                0x08002182       0x5a C:/ST/STM32CubeCLT_1.18.0/GNU-tools-for-STM32/bin/../lib/gcc/arm-none-eabi/13.3.1/../../../../arm-none-eabi/lib/thumb/v7e-m+dp/hard\libc_nano.a(libc_a-mprec.o)
                0x08002182                __lo0bits
 .text.__i2b    0x080021dc       0x2c C:/ST/STM32CubeCLT_1.18.0/GNU-tools-for-STM32/bin/../lib/gcc/arm-none-eabi/13.3.1/../../../../arm-none-eabi/lib/thumb/v7e-m+dp/hard\libc_nano.a(libc_a-mprec.o)
                0x080021dc                __i2b
 .text.__multiply
                0x08002208      0x144 C:/ST/STM32CubeCLT_1.18.0/GNU-tools-for-STM32/bin/../lib/gcc/arm-none-eabi/13.3.1/../../../../arm-none-eabi/lib/thumb/v7e-m+dp/hard\libc_nano.a(libc_a-mprec.o)
                0x08002208                __multiply
 .text.__pow5mult
                0x0800234c       0xb4 C:/ST/STM32CubeCLT_1.18.0/GNU-tools-for-STM32/bin/../lib/gcc/arm-none-eabi/13.3.1/../../../../arm-none-eabi/lib/thumb/v7e-m+dp/hard\libc_nano.a(libc_a-mprec.o)
                0x0800234c                __pow5mult
 .text.__lshift
                0x08002400       0xd8 C:/ST/STM32CubeCLT_1.18.0/GNU-tools-for-STM32/bin/../lib/gcc/arm-none-eabi/13.3.1/../../../../arm-none-eabi/lib/thumb/v7e-m+dp/hard\libc_nano.a(libc_a-mprec.o)
                0x08002400                __lshift
 .text.__mcmp   0x080024d8       0x36 C:/ST/STM32CubeCLT_1.18.0/GNU-tools-for-STM32/bin/../lib/gcc/arm-none-eabi/13.3.1/../../../../arm-none-eabi/lib/thumb/v7e-m+dp/hard\libc_nano.a(libc_a-mprec.o)
                0x080024d8                __mcmp
 *fill*         0x0800250e        0x2 
 .text.__mdiff  0x08002510      0x128 C:/ST/STM32CubeCLT_1.18.0/GNU-tools-for-STM32/bin/../lib/gcc/arm-none-eabi/13.3.1/../../../../arm-none-eabi/lib/thumb/v7e-m+dp/hard\libc_nano.a(libc_a-mprec.o)
                0x08002510                __mdiff
 .text.__d2b    0x08002638       0xb0 C:/ST/STM32CubeCLT_1.18.0/GNU-tools-for-STM32/bin/../lib/gcc/arm-none-eabi/13.3.1/../../../../arm-none-eabi/lib/thumb/v7e-m+dp/hard\libc_nano.a(libc_a-mprec.o)
                0x08002638                __d2b
 .text.__sflush_r
                0x080026e8      0x108 C:/ST/STM32CubeCLT_1.18.0/GNU-tools-for-STM32/bin/../lib/gcc/arm-none-eabi/13.3.1/../../../../arm-none-eabi/lib/thumb/v7e-m+dp/hard\libc_nano.a(libc_a-fflush.o)
                0x080026e8                __sflush_r
 .text._fflush_r
                0x080027f0       0x50 C:/ST/STM32CubeCLT_1.18.0/GNU-tools-for-STM32/bin/../lib/gcc/arm-none-eabi/13.3.1/../../../../arm-none-eabi/lib/thumb/v7e-m+dp/hard\libc_nano.a(libc_a-fflush.o)
                0x080027f0                _fflush_r
 .text._sbrk_r  0x08002840       0x20 C:/ST/STM32CubeCLT_1.18.0/GNU-tools-for-STM32/bin/../lib/gcc/arm-none-eabi/13.3.1/../../../../arm-none-eabi/lib/thumb/v7e-m+dp/hard\libc_nano.a(libc_a-sbrkr.o)
                0x08002840                _sbrk_r
 .text.memcpy   0x08002860       0x1c C:/ST/STM32CubeCLT_1.18.0/GNU-tools-for-STM32/bin/../lib/gcc/arm-none-eabi/13.3.1/../../../../arm-none-eabi/lib/thumb/v7e-m+dp/hard\libc_nano.a(libc_a-memcpy-stub.o)
                0x08002860                memcpy
 .text.__assert_func
                0x0800287c       0x3c C:/ST/STM32CubeCLT_1.18.0/GNU-tools-for-STM32/bin/../lib/gcc/arm-none-eabi/13.3.1/../../../../arm-none-eabi/lib/thumb/v7e-m+dp/hard\libc_nano.a(libc_a-assert.o)
                0x0800287c                __assert_func
 .text._calloc_r
                0x080028b8       0x28 C:/ST/STM32CubeCLT_1.18.0/GNU-tools-for-STM32/bin/../lib/gcc/arm-none-eabi/13.3.1/../../../../arm-none-eabi/lib/thumb/v7e-m+dp/hard\libc_nano.a(libc_a-callocr.o)
                0x080028b8                _calloc_r
 .text.__ascii_mbtowc
                0x080028e0       0x24 C:/ST/STM32CubeCLT_1.18.0/GNU-tools-for-STM32/bin/../lib/gcc/arm-none-eabi/13.3.1/../../../../arm-none-eabi/lib/thumb/v7e-m+dp/hard\libc_nano.a(libc_a-mbtowc_r.o)
                0x080028e0                __ascii_mbtowc
 .text.__ascii_wctomb
                0x08002904       0x1a C:/ST/STM32CubeCLT_1.18.0/GNU-tools-for-STM32/bin/../lib/gcc/arm-none-eabi/13.3.1/../../../../arm-none-eabi/lib/thumb/v7e-m+dp/hard\libc_nano.a(libc_a-wctomb_r.o)
                0x08002904                __ascii_wctomb
 *fill*         0x0800291e        0x2 
 .text.fprintf  0x08002920       0x24 C:/ST/STM32CubeCLT_1.18.0/GNU-tools-for-STM32/bin/../lib/gcc/arm-none-eabi/13.3.1/../../../../arm-none-eabi/lib/thumb/v7e-m+dp/hard\libc_nano.a(libc_a-fprintf.o)
                0x08002920                fiprintf
                0x08002920                fprintf
 .text.abort    0x08002944        0xe C:/ST/STM32CubeCLT_1.18.0/GNU-tools-for-STM32/bin/../lib/gcc/arm-none-eabi/13.3.1/../../../../arm-none-eabi/lib/thumb/v7e-m+dp/hard\libc_nano.a(libc_a-abort.o)
                0x08002944                abort
 .text.__sfputc_r
                0x08002952       0x2e C:/ST/STM32CubeCLT_1.18.0/GNU-tools-for-STM32/bin/../lib/gcc/arm-none-eabi/13.3.1/../../../../arm-none-eabi/lib/thumb/v7e-m+dp/hard\libc_nano.a(libc_a-nano-vfprintf.o)
 .text.__sfputs_r
                0x08002980       0x24 C:/ST/STM32CubeCLT_1.18.0/GNU-tools-for-STM32/bin/../lib/gcc/arm-none-eabi/13.3.1/../../../../arm-none-eabi/lib/thumb/v7e-m+dp/hard\libc_nano.a(libc_a-nano-vfprintf.o)
                0x08002980                __sfputs_r
 .text._vfprintf_r
                0x080029a4      0x230 C:/ST/STM32CubeCLT_1.18.0/GNU-tools-for-STM32/bin/../lib/gcc/arm-none-eabi/13.3.1/../../../../arm-none-eabi/lib/thumb/v7e-m+dp/hard\libc_nano.a(libc_a-nano-vfprintf.o)
                0x080029a4                _vfprintf_r
                0x080029a4                _vfiprintf_r
 .text.__swbuf_r
                0x08002bd4       0x7c C:/ST/STM32CubeCLT_1.18.0/GNU-tools-for-STM32/bin/../lib/gcc/arm-none-eabi/13.3.1/../../../../arm-none-eabi/lib/thumb/v7e-m+dp/hard\libc_nano.a(libc_a-wbuf.o)
                0x08002bd4                __swbuf_r
 .text.__swsetup_r
                0x08002c50       0xac C:/ST/STM32CubeCLT_1.18.0/GNU-tools-for-STM32/bin/../lib/gcc/arm-none-eabi/13.3.1/../../../../arm-none-eabi/lib/thumb/v7e-m+dp/hard\libc_nano.a(libc_a-wsetup.o)
                0x08002c50                __swsetup_r
 .text._raise_r
                0x08002cfc       0x50 C:/ST/STM32CubeCLT_1.18.0/GNU-tools-for-STM32/bin/../lib/gcc/arm-none-eabi/13.3.1/../../../../arm-none-eabi/lib/thumb/v7e-m+dp/hard\libc_nano.a(libc_a-signal.o)
                0x08002cfc                _raise_r
 .text.raise    0x08002d4c       0x10 C:/ST/STM32CubeCLT_1.18.0/GNU-tools-for-STM32/bin/../lib/gcc/arm-none-eabi/13.3.1/../../../../arm-none-eabi/lib/thumb/v7e-m+dp/hard\libc_nano.a(libc_a-signal.o)
                0x08002d4c                raise
 .text._kill_r  0x08002d5c       0x24 C:/ST/STM32CubeCLT_1.18.0/GNU-tools-for-STM32/bin/../lib/gcc/arm-none-eabi/13.3.1/../../../../arm-none-eabi/lib/thumb/v7e-m+dp/hard\libc_nano.a(libc_a-signalr.o)
                0x08002d5c                _kill_r
 .text._getpid_r
                0x08002d80        0x4 C:/ST/STM32CubeCLT_1.18.0/GNU-tools-for-STM32/bin/../lib/gcc/arm-none-eabi/13.3.1/../../../../arm-none-eabi/lib/thumb/v7e-m+dp/hard\libc_nano.a(libc_a-signalr.o)
                0x08002d80                _getpid_r
 .text.__swhatbuf_r
                0x08002d84       0x4c C:/ST/STM32CubeCLT_1.18.0/GNU-tools-for-STM32/bin/../lib/gcc/arm-none-eabi/13.3.1/../../../../arm-none-eabi/lib/thumb/v7e-m+dp/hard\libc_nano.a(libc_a-makebuf.o)
                0x08002d84                __swhatbuf_r
 .text.__smakebuf_r
                0x08002dd0       0x78 C:/ST/STM32CubeCLT_1.18.0/GNU-tools-for-STM32/bin/../lib/gcc/arm-none-eabi/13.3.1/../../../../arm-none-eabi/lib/thumb/v7e-m+dp/hard\libc_nano.a(libc_a-makebuf.o)
                0x08002dd0                __smakebuf_r
 .text._fstat_r
                0x08002e48       0x24 C:/ST/STM32CubeCLT_1.18.0/GNU-tools-for-STM32/bin/../lib/gcc/arm-none-eabi/13.3.1/../../../../arm-none-eabi/lib/thumb/v7e-m+dp/hard\libc_nano.a(libc_a-fstatr.o)
                0x08002e48                _fstat_r
 .text._isatty_r
                0x08002e6c       0x20 C:/ST/STM32CubeCLT_1.18.0/GNU-tools-for-STM32/bin/../lib/gcc/arm-none-eabi/13.3.1/../../../../arm-none-eabi/lib/thumb/v7e-m+dp/hard\libc_nano.a(libc_a-isattyr.o)
                0x08002e6c                _isatty_r
 .text.StartProgram
                0x08002e8c       0x44 CMakeFiles/Final_Bao.dir/Core/Src/Prog_manager.c.obj
                0x08002e8c                StartProgram
 .text.Error_Handler
                0x08002ed0        0xc CMakeFiles/Final_Bao.dir/Core/Src/Prog_manager.c.obj
                0x08002ed0                Error_Handler
 .text.MX_NVIC_Init
                0x08002edc       0x38 CMakeFiles/Final_Bao.dir/Core/Src/Prog_manager.c.obj
 .text.ChangeTime
                0x08002f14        0xe CMakeFiles/Final_Bao.dir/Core/Src/action.c.obj
                0x08002f14                ChangeTime
 *fill*         0x08002f22        0x2 
 .text.ActionLight
                0x08002f24       0x9c CMakeFiles/Final_Bao.dir/Core/Src/action.c.obj
                0x08002f24                ActionLight
 .text.OpenDoor
                0x08002fc0       0xc4 CMakeFiles/Final_Bao.dir/Core/Src/action.c.obj
                0x08002fc0                OpenDoor
 .text.CloseDoor
                0x08003084       0xdc CMakeFiles/Final_Bao.dir/Core/Src/action.c.obj
                0x08003084                CloseDoor
 .text.ActionDoor
                0x08003160       0xcc CMakeFiles/Final_Bao.dir/Core/Src/action.c.obj
                0x08003160                ActionDoor
 .text.MX_GPIO_Init
                0x0800322c      0x2c0 CMakeFiles/Final_Bao.dir/Core/Src/gpio_module.c.obj
                0x0800322c                MX_GPIO_Init
 .text.keypad_init
                0x080034ec       0x40 CMakeFiles/Final_Bao.dir/Core/Src/keypad.c.obj
                0x080034ec                keypad_init
 .text.delay_us
                0x0800352c       0x2c CMakeFiles/Final_Bao.dir/Core/Src/keypad.c.obj
                0x0800352c                delay_us
 .text.HAL_GPIO_EXTI_Callback
                0x08003558      0x444 CMakeFiles/Final_Bao.dir/Core/Src/keypad.c.obj
                0x08003558                HAL_GPIO_EXTI_Callback
 .text.lcd_send_nibble
                0x0800399c       0x90 CMakeFiles/Final_Bao.dir/Core/Src/lcd_module.c.obj
                0x0800399c                lcd_send_nibble
 .text.lcd_send_byte
                0x08003a2c       0x3a CMakeFiles/Final_Bao.dir/Core/Src/lcd_module.c.obj
                0x08003a2c                lcd_send_byte
 .text.lcd_init
                0x08003a66       0x60 CMakeFiles/Final_Bao.dir/Core/Src/lcd_module.c.obj
                0x08003a66                lcd_init
 .text.lcd_command
                0x08003ac6       0x1c CMakeFiles/Final_Bao.dir/Core/Src/lcd_module.c.obj
                0x08003ac6                lcd_command
 .text.lcd_data
                0x08003ae2       0x1c CMakeFiles/Final_Bao.dir/Core/Src/lcd_module.c.obj
                0x08003ae2                lcd_data
 .text.lcd_print
                0x08003afe       0x2a CMakeFiles/Final_Bao.dir/Core/Src/lcd_module.c.obj
                0x08003afe                lcd_print
 .text.lcd_set_cursor
                0x08003b28       0x38 CMakeFiles/Final_Bao.dir/Core/Src/lcd_module.c.obj
                0x08003b28                lcd_set_cursor
 .text.MX_I2C3_Init
                0x08003b60       0x7c CMakeFiles/Final_Bao.dir/Core/Src/lcd_module.c.obj
                0x08003b60                MX_I2C3_Init
 .text.main     0x08003bdc        0xc CMakeFiles/Final_Bao.dir/Core/Src/main.c.obj
                0x08003bdc                main
 .text.Ultra_ReadDistance
                0x08003be8       0x1c CMakeFiles/Final_Bao.dir/Core/Src/sensor_module.c.obj
                0x08003be8                Ultra_ReadDistance
 .text.PIR_ReadStatus
                0x08003c04       0x18 CMakeFiles/Final_Bao.dir/Core/Src/sensor_module.c.obj
                0x08003c04                PIR_ReadStatus
 *fill*         0x08003c1c        0x4 
 .text.HAL_TIM_IC_CaptureCallback
                0x08003c20      0x1dc CMakeFiles/Final_Bao.dir/Core/Src/sensor_module.c.obj
                0x08003c20                HAL_TIM_IC_CaptureCallback
 .text.HAL_TIM_PWM_PulseFinishedCallback
                0x08003dfc       0x1c CMakeFiles/Final_Bao.dir/Core/Src/sensor_module.c.obj
                0x08003dfc                HAL_TIM_PWM_PulseFinishedCallback
 .text.MX_TIM1_Init
                0x08003e18       0xfc CMakeFiles/Final_Bao.dir/Core/Src/sensor_module.c.obj
                0x08003e18                MX_TIM1_Init
 .text.MX_TIM2_Init
                0x08003f14       0xf0 CMakeFiles/Final_Bao.dir/Core/Src/sensor_module.c.obj
                0x08003f14                MX_TIM2_Init
 .text.StartTriggerPeriodic
                0x08004004       0x14 CMakeFiles/Final_Bao.dir/Core/Src/sensor_module.c.obj
                0x08004004                StartTriggerPeriodic
 .text.MX_TIM5_Init
                0x08004018       0xf4 CMakeFiles/Final_Bao.dir/Core/Src/sensor_module.c.obj
                0x08004018                MX_TIM5_Init
 .text.HAL_MspInit
                0x0800410c       0x34 CMakeFiles/Final_Bao.dir/Core/Src/stm32h7xx_hal_msp.c.obj
                0x0800410c                HAL_MspInit
 .text.HAL_I2C_MspInit
                0x08004140       0xd4 CMakeFiles/Final_Bao.dir/Core/Src/stm32h7xx_hal_msp.c.obj
                0x08004140                HAL_I2C_MspInit
 .text.HAL_TIM_Base_MspInit
                0x08004214      0x140 CMakeFiles/Final_Bao.dir/Core/Src/stm32h7xx_hal_msp.c.obj
                0x08004214                HAL_TIM_Base_MspInit
 .text.HAL_TIM_MspPostInit
                0x08004354       0x70 CMakeFiles/Final_Bao.dir/Core/Src/stm32h7xx_hal_msp.c.obj
                0x08004354                HAL_TIM_MspPostInit
 .text.HAL_UART_MspInit
                0x080043c4      0x104 CMakeFiles/Final_Bao.dir/Core/Src/stm32h7xx_hal_msp.c.obj
                0x080043c4                HAL_UART_MspInit
 .text.NMI_Handler
                0x080044c8        0x8 CMakeFiles/Final_Bao.dir/Core/Src/stm32h7xx_it.c.obj
                0x080044c8                NMI_Handler
 .text.HardFault_Handler
                0x080044d0        0x8 CMakeFiles/Final_Bao.dir/Core/Src/stm32h7xx_it.c.obj
                0x080044d0                HardFault_Handler
 .text.MemManage_Handler
                0x080044d8        0x8 CMakeFiles/Final_Bao.dir/Core/Src/stm32h7xx_it.c.obj
                0x080044d8                MemManage_Handler
 .text.BusFault_Handler
                0x080044e0        0x8 CMakeFiles/Final_Bao.dir/Core/Src/stm32h7xx_it.c.obj
                0x080044e0                BusFault_Handler
 .text.UsageFault_Handler
                0x080044e8        0x8 CMakeFiles/Final_Bao.dir/Core/Src/stm32h7xx_it.c.obj
                0x080044e8                UsageFault_Handler
 .text.SVC_Handler
                0x080044f0        0xe CMakeFiles/Final_Bao.dir/Core/Src/stm32h7xx_it.c.obj
                0x080044f0                SVC_Handler
 .text.DebugMon_Handler
                0x080044fe        0xe CMakeFiles/Final_Bao.dir/Core/Src/stm32h7xx_it.c.obj
                0x080044fe                DebugMon_Handler
 .text.PendSV_Handler
                0x0800450c        0xe CMakeFiles/Final_Bao.dir/Core/Src/stm32h7xx_it.c.obj
                0x0800450c                PendSV_Handler
 .text.SysTick_Handler
                0x0800451a        0xc CMakeFiles/Final_Bao.dir/Core/Src/stm32h7xx_it.c.obj
                0x0800451a                SysTick_Handler
 .text.EXTI1_IRQHandler
                0x08004526        0xe CMakeFiles/Final_Bao.dir/Core/Src/stm32h7xx_it.c.obj
                0x08004526                EXTI1_IRQHandler
 .text.EXTI2_IRQHandler
                0x08004534        0xe CMakeFiles/Final_Bao.dir/Core/Src/stm32h7xx_it.c.obj
                0x08004534                EXTI2_IRQHandler
 .text.EXTI9_5_IRQHandler
                0x08004542       0x1c CMakeFiles/Final_Bao.dir/Core/Src/stm32h7xx_it.c.obj
                0x08004542                EXTI9_5_IRQHandler
 *fill*         0x0800455e        0x2 
 .text.TIM1_CC_IRQHandler
                0x08004560       0x14 CMakeFiles/Final_Bao.dir/Core/Src/stm32h7xx_it.c.obj
                0x08004560                TIM1_CC_IRQHandler
 .text.TIM2_IRQHandler
                0x08004574       0x14 CMakeFiles/Final_Bao.dir/Core/Src/stm32h7xx_it.c.obj
                0x08004574                TIM2_IRQHandler
 .text.USART1_IRQHandler
                0x08004588       0x14 CMakeFiles/Final_Bao.dir/Core/Src/stm32h7xx_it.c.obj
                0x08004588                USART1_IRQHandler
 .text.EXTI15_10_IRQHandler
                0x0800459c       0x10 CMakeFiles/Final_Bao.dir/Core/Src/stm32h7xx_it.c.obj
                0x0800459c                EXTI15_10_IRQHandler
 .text.TIM5_IRQHandler
                0x080045ac       0x14 CMakeFiles/Final_Bao.dir/Core/Src/stm32h7xx_it.c.obj
                0x080045ac                TIM5_IRQHandler
 .text.SystemClock_Config
                0x080045c0      0x100 CMakeFiles/Final_Bao.dir/Core/Src/sys_lib.c.obj
                0x080045c0                SystemClock_Config
 .text._getpid  0x080046c0       0x10 CMakeFiles/Final_Bao.dir/Core/Src/syscalls.c.obj
                0x080046c0                _getpid
 .text._kill    0x080046d0       0x20 CMakeFiles/Final_Bao.dir/Core/Src/syscalls.c.obj
                0x080046d0                _kill
 .text._exit    0x080046f0       0x16 CMakeFiles/Final_Bao.dir/Core/Src/syscalls.c.obj
                0x080046f0                _exit
 .text._read    0x08004706       0x3a CMakeFiles/Final_Bao.dir/Core/Src/syscalls.c.obj
                0x08004706                _read
 .text._write   0x08004740       0x38 CMakeFiles/Final_Bao.dir/Core/Src/syscalls.c.obj
                0x08004740                _write
 .text._close   0x08004778       0x18 CMakeFiles/Final_Bao.dir/Core/Src/syscalls.c.obj
                0x08004778                _close
 .text._fstat   0x08004790       0x20 CMakeFiles/Final_Bao.dir/Core/Src/syscalls.c.obj
                0x08004790                _fstat
 .text._isatty  0x080047b0       0x16 CMakeFiles/Final_Bao.dir/Core/Src/syscalls.c.obj
                0x080047b0                _isatty
 .text._lseek   0x080047c6       0x1a CMakeFiles/Final_Bao.dir/Core/Src/syscalls.c.obj
                0x080047c6                _lseek
 .text._sbrk    0x080047e0       0x6c CMakeFiles/Final_Bao.dir/Core/Src/sysmem.c.obj
                0x080047e0                _sbrk
 .text.SystemInit
                0x0800484c      0x140 CMakeFiles/Final_Bao.dir/Core/Src/system_stm32h7xx.c.obj
                0x0800484c                SystemInit
 .text.ExitRun0Mode
                0x0800498c       0x30 CMakeFiles/Final_Bao.dir/Core/Src/system_stm32h7xx.c.obj
                0x0800498c                ExitRun0Mode
 .text.__io_putchar
                0x080049bc       0x24 CMakeFiles/Final_Bao.dir/Core/Src/uart1_module.c.obj
                0x080049bc                __io_putchar
 .text.MX_USART1_UART_Init
                0x080049e0       0x98 CMakeFiles/Final_Bao.dir/Core/Src/uart1_module.c.obj
                0x080049e0                MX_USART1_UART_Init
 .text.UART_Update
                0x08004a78      0x124 CMakeFiles/Final_Bao.dir/Core/Src/uart1_module.c.obj
                0x08004a78                UART_Update
 .text.HAL_UART_RxCpltCallback
                0x08004b9c      0x1a4 CMakeFiles/Final_Bao.dir/Core/Src/uart1_module.c.obj
                0x08004b9c                HAL_UART_RxCpltCallback
 .text.UpdatePIRstatus
                0x08004d40       0x18 CMakeFiles/Final_Bao.dir/Core/Src/update_module.c.obj
                0x08004d40                UpdatePIRstatus
 .text.UpdateDistance
                0x08004d58       0x1c CMakeFiles/Final_Bao.dir/Core/Src/update_module.c.obj
                0x08004d58                UpdateDistance
 .text.UpdateAction
                0x08004d74       0x10 CMakeFiles/Final_Bao.dir/Core/Src/update_module.c.obj
                0x08004d74                UpdateAction
 .text.UpdatephysicKeypad
                0x08004d84       0xf4 CMakeFiles/Final_Bao.dir/Core/Src/update_module.c.obj
                0x08004d84                UpdatephysicKeypad
 .text.UpdateProg
                0x08004e78       0x28 CMakeFiles/Final_Bao.dir/Core/Src/update_module.c.obj
                0x08004e78                UpdateProg
 .text.__NVIC_SetPriorityGrouping
                0x08004ea0       0x48 CMakeFiles/Final_Bao.dir/Drivers/STM32H7xx_HAL_Driver/Src/stm32h7xx_hal_cortex.c.obj
 .text.__NVIC_GetPriorityGrouping
                0x08004ee8       0x1c CMakeFiles/Final_Bao.dir/Drivers/STM32H7xx_HAL_Driver/Src/stm32h7xx_hal_cortex.c.obj
 .text.__NVIC_EnableIRQ
                0x08004f04       0x3c CMakeFiles/Final_Bao.dir/Drivers/STM32H7xx_HAL_Driver/Src/stm32h7xx_hal_cortex.c.obj
 .text.__NVIC_SetPriority
                0x08004f40       0x54 CMakeFiles/Final_Bao.dir/Drivers/STM32H7xx_HAL_Driver/Src/stm32h7xx_hal_cortex.c.obj
 .text.NVIC_EncodePriority
                0x08004f94       0x66 CMakeFiles/Final_Bao.dir/Drivers/STM32H7xx_HAL_Driver/Src/stm32h7xx_hal_cortex.c.obj
 *fill*         0x08004ffa        0x2 
 .text.SysTick_Config
                0x08004ffc       0x44 CMakeFiles/Final_Bao.dir/Drivers/STM32H7xx_HAL_Driver/Src/stm32h7xx_hal_cortex.c.obj
 .text.HAL_NVIC_SetPriorityGrouping
                0x08005040       0x16 CMakeFiles/Final_Bao.dir/Drivers/STM32H7xx_HAL_Driver/Src/stm32h7xx_hal_cortex.c.obj
                0x08005040                HAL_NVIC_SetPriorityGrouping
 .text.HAL_NVIC_SetPriority
                0x08005056       0x34 CMakeFiles/Final_Bao.dir/Drivers/STM32H7xx_HAL_Driver/Src/stm32h7xx_hal_cortex.c.obj
                0x08005056                HAL_NVIC_SetPriority
 .text.HAL_NVIC_EnableIRQ
                0x0800508a       0x1c CMakeFiles/Final_Bao.dir/Drivers/STM32H7xx_HAL_Driver/Src/stm32h7xx_hal_cortex.c.obj
                0x0800508a                HAL_NVIC_EnableIRQ
 .text.HAL_SYSTICK_Config
                0x080050a6       0x18 CMakeFiles/Final_Bao.dir/Drivers/STM32H7xx_HAL_Driver/Src/stm32h7xx_hal_cortex.c.obj
                0x080050a6                HAL_SYSTICK_Config
 *fill*         0x080050be        0x2 
 .text.HAL_I2C_Init
                0x080050c0      0x138 CMakeFiles/Final_Bao.dir/Drivers/STM32H7xx_HAL_Driver/Src/stm32h7xx_hal_i2c.c.obj
                0x080050c0                HAL_I2C_Init
 .text.HAL_I2C_Master_Transmit
                0x080051f8      0x230 CMakeFiles/Final_Bao.dir/Drivers/STM32H7xx_HAL_Driver/Src/stm32h7xx_hal_i2c.c.obj
                0x080051f8                HAL_I2C_Master_Transmit
 .text.I2C_Flush_TXDR
                0x08005428       0x48 CMakeFiles/Final_Bao.dir/Drivers/STM32H7xx_HAL_Driver/Src/stm32h7xx_hal_i2c.c.obj
 .text.I2C_WaitOnFlagUntilTimeout
                0x08005470       0xb2 CMakeFiles/Final_Bao.dir/Drivers/STM32H7xx_HAL_Driver/Src/stm32h7xx_hal_i2c.c.obj
 .text.I2C_WaitOnTXISFlagUntilTimeout
                0x08005522       0x8e CMakeFiles/Final_Bao.dir/Drivers/STM32H7xx_HAL_Driver/Src/stm32h7xx_hal_i2c.c.obj
 .text.I2C_WaitOnSTOPFlagUntilTimeout
                0x080055b0       0x86 CMakeFiles/Final_Bao.dir/Drivers/STM32H7xx_HAL_Driver/Src/stm32h7xx_hal_i2c.c.obj
 *fill*         0x08005636        0x2 
 .text.I2C_IsErrorOccurred
                0x08005638      0x1c0 CMakeFiles/Final_Bao.dir/Drivers/STM32H7xx_HAL_Driver/Src/stm32h7xx_hal_i2c.c.obj
 .text.I2C_TransferConfig
                0x080057f8       0x64 CMakeFiles/Final_Bao.dir/Drivers/STM32H7xx_HAL_Driver/Src/stm32h7xx_hal_i2c.c.obj
 .text.HAL_I2CEx_ConfigAnalogFilter
                0x0800585c       0x96 CMakeFiles/Final_Bao.dir/Drivers/STM32H7xx_HAL_Driver/Src/stm32h7xx_hal_i2c_ex.c.obj
                0x0800585c                HAL_I2CEx_ConfigAnalogFilter
 .text.HAL_I2CEx_ConfigDigitalFilter
                0x080058f2       0x98 CMakeFiles/Final_Bao.dir/Drivers/STM32H7xx_HAL_Driver/Src/stm32h7xx_hal_i2c_ex.c.obj
                0x080058f2                HAL_I2CEx_ConfigDigitalFilter
 *fill*         0x0800598a        0x2 
 .text.HAL_RCC_OscConfig
                0x0800598c      0x8b4 CMakeFiles/Final_Bao.dir/Drivers/STM32H7xx_HAL_Driver/Src/stm32h7xx_hal_rcc.c.obj
                0x0800598c                HAL_RCC_OscConfig
 .text.HAL_RCC_ClockConfig
                0x08006240      0x36c CMakeFiles/Final_Bao.dir/Drivers/STM32H7xx_HAL_Driver/Src/stm32h7xx_hal_rcc.c.obj
                0x08006240                HAL_RCC_ClockConfig
 .text.HAL_RCC_GetSysClockFreq
                0x080065ac      0x2f4 CMakeFiles/Final_Bao.dir/Drivers/STM32H7xx_HAL_Driver/Src/stm32h7xx_hal_rcc.c.obj
                0x080065ac                HAL_RCC_GetSysClockFreq
 .text.HAL_RCC_GetHCLKFreq
                0x080068a0       0x60 CMakeFiles/Final_Bao.dir/Drivers/STM32H7xx_HAL_Driver/Src/stm32h7xx_hal_rcc.c.obj
                0x080068a0                HAL_RCC_GetHCLKFreq
 .text.HAL_RCC_GetPCLK1Freq
                0x08006900       0x2c CMakeFiles/Final_Bao.dir/Drivers/STM32H7xx_HAL_Driver/Src/stm32h7xx_hal_rcc.c.obj
                0x08006900                HAL_RCC_GetPCLK1Freq
 .text.HAL_RCC_GetPCLK2Freq
                0x0800692c       0x2c CMakeFiles/Final_Bao.dir/Drivers/STM32H7xx_HAL_Driver/Src/stm32h7xx_hal_rcc.c.obj
                0x0800692c                HAL_RCC_GetPCLK2Freq
 .text.HAL_RCCEx_PeriphCLKConfig
                0x08006958     0x1414 CMakeFiles/Final_Bao.dir/Drivers/STM32H7xx_HAL_Driver/Src/stm32h7xx_hal_rcc_ex.c.obj
                0x08006958                HAL_RCCEx_PeriphCLKConfig
 .text.HAL_RCCEx_GetD3PCLK1Freq
                0x08007d6c       0x2c CMakeFiles/Final_Bao.dir/Drivers/STM32H7xx_HAL_Driver/Src/stm32h7xx_hal_rcc_ex.c.obj
                0x08007d6c                HAL_RCCEx_GetD3PCLK1Freq
 .text.HAL_RCCEx_GetPLL2ClockFreq
                0x08007d98      0x2a8 CMakeFiles/Final_Bao.dir/Drivers/STM32H7xx_HAL_Driver/Src/stm32h7xx_hal_rcc_ex.c.obj
                0x08007d98                HAL_RCCEx_GetPLL2ClockFreq
 .text.HAL_RCCEx_GetPLL3ClockFreq
                0x08008040      0x2a8 CMakeFiles/Final_Bao.dir/Drivers/STM32H7xx_HAL_Driver/Src/stm32h7xx_hal_rcc_ex.c.obj
                0x08008040                HAL_RCCEx_GetPLL3ClockFreq
 .text.RCCEx_PLL2_Config
                0x080082e8      0x164 CMakeFiles/Final_Bao.dir/Drivers/STM32H7xx_HAL_Driver/Src/stm32h7xx_hal_rcc_ex.c.obj
 .text.RCCEx_PLL3_Config
                0x0800844c      0x164 CMakeFiles/Final_Bao.dir/Drivers/STM32H7xx_HAL_Driver/Src/stm32h7xx_hal_rcc_ex.c.obj
 .text.HAL_GPIO_Init
                0x080085b0      0x360 CMakeFiles/Final_Bao.dir/Drivers/STM32H7xx_HAL_Driver/Src/stm32h7xx_hal_gpio.c.obj
                0x080085b0                HAL_GPIO_Init
 .text.HAL_GPIO_ReadPin
                0x08008910       0x30 CMakeFiles/Final_Bao.dir/Drivers/STM32H7xx_HAL_Driver/Src/stm32h7xx_hal_gpio.c.obj
                0x08008910                HAL_GPIO_ReadPin
 .text.HAL_GPIO_WritePin
                0x08008940       0x32 CMakeFiles/Final_Bao.dir/Drivers/STM32H7xx_HAL_Driver/Src/stm32h7xx_hal_gpio.c.obj
                0x08008940                HAL_GPIO_WritePin
 .text.HAL_GPIO_EXTI_IRQHandler
                0x08008972       0x34 CMakeFiles/Final_Bao.dir/Drivers/STM32H7xx_HAL_Driver/Src/stm32h7xx_hal_gpio.c.obj
                0x08008972                HAL_GPIO_EXTI_IRQHandler
 *fill*         0x080089a6        0x2 
 .text.HAL_DMA_Abort
                0x080089a8      0x63c CMakeFiles/Final_Bao.dir/Drivers/STM32H7xx_HAL_Driver/Src/stm32h7xx_hal_dma.c.obj
                0x080089a8                HAL_DMA_Abort
 .text.HAL_DMA_Abort_IT
                0x08008fe4      0x48c CMakeFiles/Final_Bao.dir/Drivers/STM32H7xx_HAL_Driver/Src/stm32h7xx_hal_dma.c.obj
                0x08008fe4                HAL_DMA_Abort_IT
 .text.HAL_PWREx_ConfigSupply
                0x08009470       0x74 CMakeFiles/Final_Bao.dir/Drivers/STM32H7xx_HAL_Driver/Src/stm32h7xx_hal_pwr_ex.c.obj
                0x08009470                HAL_PWREx_ConfigSupply
 .text.HAL_Init
                0x080094e4       0x78 CMakeFiles/Final_Bao.dir/Drivers/STM32H7xx_HAL_Driver/Src/stm32h7xx_hal.c.obj
                0x080094e4                HAL_Init
 .text.HAL_InitTick
                0x0800955c       0x6c CMakeFiles/Final_Bao.dir/Drivers/STM32H7xx_HAL_Driver/Src/stm32h7xx_hal.c.obj
                0x0800955c                HAL_InitTick
 .text.HAL_IncTick
                0x080095c8       0x28 CMakeFiles/Final_Bao.dir/Drivers/STM32H7xx_HAL_Driver/Src/stm32h7xx_hal.c.obj
                0x080095c8                HAL_IncTick
 .text.HAL_GetTick
                0x080095f0       0x18 CMakeFiles/Final_Bao.dir/Drivers/STM32H7xx_HAL_Driver/Src/stm32h7xx_hal.c.obj
                0x080095f0                HAL_GetTick
 .text.HAL_Delay
                0x08009608       0x48 CMakeFiles/Final_Bao.dir/Drivers/STM32H7xx_HAL_Driver/Src/stm32h7xx_hal.c.obj
                0x08009608                HAL_Delay
 .text.HAL_GetREVID
                0x08009650       0x18 CMakeFiles/Final_Bao.dir/Drivers/STM32H7xx_HAL_Driver/Src/stm32h7xx_hal.c.obj
                0x08009650                HAL_GetREVID
 .text.HAL_TIM_Base_Init
                0x08009668       0xae CMakeFiles/Final_Bao.dir/Drivers/STM32H7xx_HAL_Driver/Src/stm32h7xx_hal_tim.c.obj
                0x08009668                HAL_TIM_Base_Init
 *fill*         0x08009716        0x2 
 .text.HAL_TIM_Base_Start
                0x08009718       0xe0 CMakeFiles/Final_Bao.dir/Drivers/STM32H7xx_HAL_Driver/Src/stm32h7xx_hal_tim.c.obj
                0x08009718                HAL_TIM_Base_Start
 .text.HAL_TIM_PWM_Init
                0x080097f8       0xae CMakeFiles/Final_Bao.dir/Drivers/STM32H7xx_HAL_Driver/Src/stm32h7xx_hal_tim.c.obj
                0x080097f8                HAL_TIM_PWM_Init
 .text.HAL_TIM_PWM_MspInit
                0x080098a6       0x14 CMakeFiles/Final_Bao.dir/Drivers/STM32H7xx_HAL_Driver/Src/stm32h7xx_hal_tim.c.obj
                0x080098a6                HAL_TIM_PWM_MspInit
 *fill*         0x080098ba        0x2 
 .text.HAL_TIM_PWM_Start
                0x080098bc      0x21c CMakeFiles/Final_Bao.dir/Drivers/STM32H7xx_HAL_Driver/Src/stm32h7xx_hal_tim.c.obj
                0x080098bc                HAL_TIM_PWM_Start
 .text.HAL_TIM_IC_Init
                0x08009ad8       0xae CMakeFiles/Final_Bao.dir/Drivers/STM32H7xx_HAL_Driver/Src/stm32h7xx_hal_tim.c.obj
                0x08009ad8                HAL_TIM_IC_Init
 .text.HAL_TIM_IC_MspInit
                0x08009b86       0x14 CMakeFiles/Final_Bao.dir/Drivers/STM32H7xx_HAL_Driver/Src/stm32h7xx_hal_tim.c.obj
                0x08009b86                HAL_TIM_IC_MspInit
 *fill*         0x08009b9a        0x2 
 .text.HAL_TIM_IC_Start_IT
                0x08009b9c      0x2a0 CMakeFiles/Final_Bao.dir/Drivers/STM32H7xx_HAL_Driver/Src/stm32h7xx_hal_tim.c.obj
                0x08009b9c                HAL_TIM_IC_Start_IT
 .text.HAL_TIM_IRQHandler
                0x08009e3c      0x20e CMakeFiles/Final_Bao.dir/Drivers/STM32H7xx_HAL_Driver/Src/stm32h7xx_hal_tim.c.obj
                0x08009e3c                HAL_TIM_IRQHandler
 .text.HAL_TIM_IC_ConfigChannel
                0x0800a04a      0x138 CMakeFiles/Final_Bao.dir/Drivers/STM32H7xx_HAL_Driver/Src/stm32h7xx_hal_tim.c.obj
                0x0800a04a                HAL_TIM_IC_ConfigChannel
 *fill*         0x0800a182        0x2 
 .text.HAL_TIM_PWM_ConfigChannel
                0x0800a184      0x228 CMakeFiles/Final_Bao.dir/Drivers/STM32H7xx_HAL_Driver/Src/stm32h7xx_hal_tim.c.obj
                0x0800a184                HAL_TIM_PWM_ConfigChannel
 .text.HAL_TIM_ConfigClockSource
                0x0800a3ac      0x1f0 CMakeFiles/Final_Bao.dir/Drivers/STM32H7xx_HAL_Driver/Src/stm32h7xx_hal_tim.c.obj
                0x0800a3ac                HAL_TIM_ConfigClockSource
 .text.HAL_TIM_ReadCapturedValue
                0x0800a59c       0x88 CMakeFiles/Final_Bao.dir/Drivers/STM32H7xx_HAL_Driver/Src/stm32h7xx_hal_tim.c.obj
                0x0800a59c                HAL_TIM_ReadCapturedValue
 .text.HAL_TIM_PeriodElapsedCallback
                0x0800a624       0x14 CMakeFiles/Final_Bao.dir/Drivers/STM32H7xx_HAL_Driver/Src/stm32h7xx_hal_tim.c.obj
                0x0800a624                HAL_TIM_PeriodElapsedCallback
 .text.HAL_TIM_OC_DelayElapsedCallback
                0x0800a638       0x14 CMakeFiles/Final_Bao.dir/Drivers/STM32H7xx_HAL_Driver/Src/stm32h7xx_hal_tim.c.obj
                0x0800a638                HAL_TIM_OC_DelayElapsedCallback
 .text.HAL_TIM_TriggerCallback
                0x0800a64c       0x14 CMakeFiles/Final_Bao.dir/Drivers/STM32H7xx_HAL_Driver/Src/stm32h7xx_hal_tim.c.obj
                0x0800a64c                HAL_TIM_TriggerCallback
 .text.TIM_Base_SetConfig
                0x0800a660      0x140 CMakeFiles/Final_Bao.dir/Drivers/STM32H7xx_HAL_Driver/Src/stm32h7xx_hal_tim.c.obj
                0x0800a660                TIM_Base_SetConfig
 .text.TIM_OC1_SetConfig
                0x0800a7a0      0x120 CMakeFiles/Final_Bao.dir/Drivers/STM32H7xx_HAL_Driver/Src/stm32h7xx_hal_tim.c.obj
 .text.TIM_OC2_SetConfig
                0x0800a8c0      0x114 CMakeFiles/Final_Bao.dir/Drivers/STM32H7xx_HAL_Driver/Src/stm32h7xx_hal_tim.c.obj
                0x0800a8c0                TIM_OC2_SetConfig
 .text.TIM_OC3_SetConfig
                0x0800a9d4      0x110 CMakeFiles/Final_Bao.dir/Drivers/STM32H7xx_HAL_Driver/Src/stm32h7xx_hal_tim.c.obj
 .text.TIM_OC4_SetConfig
                0x0800aae4       0xd4 CMakeFiles/Final_Bao.dir/Drivers/STM32H7xx_HAL_Driver/Src/stm32h7xx_hal_tim.c.obj
 .text.TIM_OC5_SetConfig
                0x0800abb8       0xc8 CMakeFiles/Final_Bao.dir/Drivers/STM32H7xx_HAL_Driver/Src/stm32h7xx_hal_tim.c.obj
 .text.TIM_OC6_SetConfig
                0x0800ac80       0xcc CMakeFiles/Final_Bao.dir/Drivers/STM32H7xx_HAL_Driver/Src/stm32h7xx_hal_tim.c.obj
 .text.TIM_TI1_SetConfig
                0x0800ad4c       0xe8 CMakeFiles/Final_Bao.dir/Drivers/STM32H7xx_HAL_Driver/Src/stm32h7xx_hal_tim.c.obj
                0x0800ad4c                TIM_TI1_SetConfig
 .text.TIM_TI1_ConfigInputStage
                0x0800ae34       0x5e CMakeFiles/Final_Bao.dir/Drivers/STM32H7xx_HAL_Driver/Src/stm32h7xx_hal_tim.c.obj
 .text.TIM_TI2_SetConfig
                0x0800ae92       0x7a CMakeFiles/Final_Bao.dir/Drivers/STM32H7xx_HAL_Driver/Src/stm32h7xx_hal_tim.c.obj
 .text.TIM_TI2_ConfigInputStage
                0x0800af0c       0x60 CMakeFiles/Final_Bao.dir/Drivers/STM32H7xx_HAL_Driver/Src/stm32h7xx_hal_tim.c.obj
 .text.TIM_TI3_SetConfig
                0x0800af6c       0x78 CMakeFiles/Final_Bao.dir/Drivers/STM32H7xx_HAL_Driver/Src/stm32h7xx_hal_tim.c.obj
 .text.TIM_TI4_SetConfig
                0x0800afe4       0x7a CMakeFiles/Final_Bao.dir/Drivers/STM32H7xx_HAL_Driver/Src/stm32h7xx_hal_tim.c.obj
 *fill*         0x0800b05e        0x2 
 .text.TIM_ITRx_SetConfig
                0x0800b060       0x3c CMakeFiles/Final_Bao.dir/Drivers/STM32H7xx_HAL_Driver/Src/stm32h7xx_hal_tim.c.obj
 .text.TIM_ETR_SetConfig
                0x0800b09c       0x40 CMakeFiles/Final_Bao.dir/Drivers/STM32H7xx_HAL_Driver/Src/stm32h7xx_hal_tim.c.obj
                0x0800b09c                TIM_ETR_SetConfig
 .text.TIM_CCxChannelCmd
                0x0800b0dc       0x4a CMakeFiles/Final_Bao.dir/Drivers/STM32H7xx_HAL_Driver/Src/stm32h7xx_hal_tim.c.obj
                0x0800b0dc                TIM_CCxChannelCmd
 *fill*         0x0800b126        0x2 
 .text.HAL_TIMEx_MasterConfigSynchronization
                0x0800b128      0x11c CMakeFiles/Final_Bao.dir/Drivers/STM32H7xx_HAL_Driver/Src/stm32h7xx_hal_tim_ex.c.obj
                0x0800b128                HAL_TIMEx_MasterConfigSynchronization
 .text.HAL_TIMEx_CommutCallback
                0x0800b244       0x14 CMakeFiles/Final_Bao.dir/Drivers/STM32H7xx_HAL_Driver/Src/stm32h7xx_hal_tim_ex.c.obj
                0x0800b244                HAL_TIMEx_CommutCallback
 .text.HAL_TIMEx_BreakCallback
                0x0800b258       0x14 CMakeFiles/Final_Bao.dir/Drivers/STM32H7xx_HAL_Driver/Src/stm32h7xx_hal_tim_ex.c.obj
                0x0800b258                HAL_TIMEx_BreakCallback
 .text.HAL_TIMEx_Break2Callback
                0x0800b26c       0x14 CMakeFiles/Final_Bao.dir/Drivers/STM32H7xx_HAL_Driver/Src/stm32h7xx_hal_tim_ex.c.obj
                0x0800b26c                HAL_TIMEx_Break2Callback
 .text.HAL_UART_Init
                0x0800b280       0xa0 CMakeFiles/Final_Bao.dir/Drivers/STM32H7xx_HAL_Driver/Src/stm32h7xx_hal_uart.c.obj
                0x0800b280                HAL_UART_Init
 .text.HAL_UART_Transmit
                0x0800b320      0x11c CMakeFiles/Final_Bao.dir/Drivers/STM32H7xx_HAL_Driver/Src/stm32h7xx_hal_uart.c.obj
                0x0800b320                HAL_UART_Transmit
 .text.HAL_UART_Receive_IT
                0x0800b43c       0x98 CMakeFiles/Final_Bao.dir/Drivers/STM32H7xx_HAL_Driver/Src/stm32h7xx_hal_uart.c.obj
                0x0800b43c                HAL_UART_Receive_IT
 .text.HAL_UART_IRQHandler
                0x0800b4d4      0x7ac CMakeFiles/Final_Bao.dir/Drivers/STM32H7xx_HAL_Driver/Src/stm32h7xx_hal_uart.c.obj
                0x0800b4d4                HAL_UART_IRQHandler
 .text.HAL_UART_TxCpltCallback
                0x0800bc80       0x14 CMakeFiles/Final_Bao.dir/Drivers/STM32H7xx_HAL_Driver/Src/stm32h7xx_hal_uart.c.obj
                0x0800bc80                HAL_UART_TxCpltCallback
 .text.HAL_UART_ErrorCallback
                0x0800bc94       0x14 CMakeFiles/Final_Bao.dir/Drivers/STM32H7xx_HAL_Driver/Src/stm32h7xx_hal_uart.c.obj
                0x0800bc94                HAL_UART_ErrorCallback
 .text.HAL_UARTEx_RxEventCallback
                0x0800bca8       0x18 CMakeFiles/Final_Bao.dir/Drivers/STM32H7xx_HAL_Driver/Src/stm32h7xx_hal_uart.c.obj
                0x0800bca8                HAL_UARTEx_RxEventCallback
 .text.UART_SetConfig
                0x0800bcc0      0xad0 CMakeFiles/Final_Bao.dir/Drivers/STM32H7xx_HAL_Driver/Src/stm32h7xx_hal_uart.c.obj
                0x0800bcc0                UART_SetConfig
 .text.UART_AdvFeatureConfig
                0x0800c790      0x144 CMakeFiles/Final_Bao.dir/Drivers/STM32H7xx_HAL_Driver/Src/stm32h7xx_hal_uart.c.obj
                0x0800c790                UART_AdvFeatureConfig
 .text.UART_CheckIdleState
                0x0800c8d4      0x154 CMakeFiles/Final_Bao.dir/Drivers/STM32H7xx_HAL_Driver/Src/stm32h7xx_hal_uart.c.obj
                0x0800c8d4                UART_CheckIdleState
 .text.UART_WaitOnFlagUntilTimeout
                0x0800ca28       0xda CMakeFiles/Final_Bao.dir/Drivers/STM32H7xx_HAL_Driver/Src/stm32h7xx_hal_uart.c.obj
                0x0800ca28                UART_WaitOnFlagUntilTimeout
 *fill*         0x0800cb02        0x2 
 .text.UART_Start_Receive_IT
                0x0800cb04      0x244 CMakeFiles/Final_Bao.dir/Drivers/STM32H7xx_HAL_Driver/Src/stm32h7xx_hal_uart.c.obj
                0x0800cb04                UART_Start_Receive_IT
 .text.UART_EndRxTransfer
                0x0800cd48       0xcc CMakeFiles/Final_Bao.dir/Drivers/STM32H7xx_HAL_Driver/Src/stm32h7xx_hal_uart.c.obj
 .text.UART_DMAAbortOnError
                0x0800ce14       0x24 CMakeFiles/Final_Bao.dir/Drivers/STM32H7xx_HAL_Driver/Src/stm32h7xx_hal_uart.c.obj
 .text.UART_EndTransmit_IT
                0x0800ce38       0x56 CMakeFiles/Final_Bao.dir/Drivers/STM32H7xx_HAL_Driver/Src/stm32h7xx_hal_uart.c.obj
 *fill*         0x0800ce8e        0x2 
 .text.UART_RxISR_8BIT
                0x0800ce90      0x1b8 CMakeFiles/Final_Bao.dir/Drivers/STM32H7xx_HAL_Driver/Src/stm32h7xx_hal_uart.c.obj
 .text.UART_RxISR_16BIT
                0x0800d048      0x1b8 CMakeFiles/Final_Bao.dir/Drivers/STM32H7xx_HAL_Driver/Src/stm32h7xx_hal_uart.c.obj
 .text.UART_RxISR_8BIT_FIFOEN
                0x0800d200      0x364 CMakeFiles/Final_Bao.dir/Drivers/STM32H7xx_HAL_Driver/Src/stm32h7xx_hal_uart.c.obj
 .text.UART_RxISR_16BIT_FIFOEN
                0x0800d564      0x36c CMakeFiles/Final_Bao.dir/Drivers/STM32H7xx_HAL_Driver/Src/stm32h7xx_hal_uart.c.obj
 .text.HAL_UARTEx_WakeupCallback
                0x0800d8d0       0x14 CMakeFiles/Final_Bao.dir/Drivers/STM32H7xx_HAL_Driver/Src/stm32h7xx_hal_uart_ex.c.obj
                0x0800d8d0                HAL_UARTEx_WakeupCallback
 .text.HAL_UARTEx_RxFifoFullCallback
                0x0800d8e4       0x14 CMakeFiles/Final_Bao.dir/Drivers/STM32H7xx_HAL_Driver/Src/stm32h7xx_hal_uart_ex.c.obj
                0x0800d8e4                HAL_UARTEx_RxFifoFullCallback
 .text.HAL_UARTEx_TxFifoEmptyCallback
                0x0800d8f8       0x14 CMakeFiles/Final_Bao.dir/Drivers/STM32H7xx_HAL_Driver/Src/stm32h7xx_hal_uart_ex.c.obj
                0x0800d8f8                HAL_UARTEx_TxFifoEmptyCallback
 .text.HAL_UARTEx_DisableFifoMode
                0x0800d90c       0x72 CMakeFiles/Final_Bao.dir/Drivers/STM32H7xx_HAL_Driver/Src/stm32h7xx_hal_uart_ex.c.obj
                0x0800d90c                HAL_UARTEx_DisableFifoMode
 .text.HAL_UARTEx_SetTxFifoThreshold
                0x0800d97e       0x7c CMakeFiles/Final_Bao.dir/Drivers/STM32H7xx_HAL_Driver/Src/stm32h7xx_hal_uart_ex.c.obj
                0x0800d97e                HAL_UARTEx_SetTxFifoThreshold
 .text.HAL_UARTEx_SetRxFifoThreshold
                0x0800d9fa       0x7c CMakeFiles/Final_Bao.dir/Drivers/STM32H7xx_HAL_Driver/Src/stm32h7xx_hal_uart_ex.c.obj
                0x0800d9fa                HAL_UARTEx_SetRxFifoThreshold
 *fill*         0x0800da76        0x2 
 .text.UARTEx_SetNbDataToProcess
                0x0800da78       0x9c CMakeFiles/Final_Bao.dir/Drivers/STM32H7xx_HAL_Driver/Src/stm32h7xx_hal_uart_ex.c.obj
 .text.Reset_Handler
                0x0800db14       0x54 CMakeFiles/Final_Bao.dir/startup_stm32h743xx.s.obj
                0x0800db14                Reset_Handler
 .text.Default_Handler
                0x0800db68        0x2 CMakeFiles/Final_Bao.dir/startup_stm32h743xx.s.obj
                0x0800db68                RTC_Alarm_IRQHandler
                0x0800db68                TIM8_CC_IRQHandler
                0x0800db68                HRTIM1_Master_IRQHandler
                0x0800db68                UART8_IRQHandler
                0x0800db68                SPI4_IRQHandler
                0x0800db68                BDMA_Channel6_IRQHandler
                0x0800db68                DMA2_Stream5_IRQHandler
                0x0800db68                HRTIM1_FLT_IRQHandler
                0x0800db68                JPEG_IRQHandler
                0x0800db68                DMA1_Stream5_IRQHandler
                0x0800db68                BDMA_Channel1_IRQHandler
                0x0800db68                HRTIM1_TIMD_IRQHandler
                0x0800db68                TAMP_STAMP_IRQHandler
                0x0800db68                EXTI3_IRQHandler
                0x0800db68                LPTIM4_IRQHandler
                0x0800db68                TIM8_TRG_COM_TIM14_IRQHandler
                0x0800db68                LPTIM2_IRQHandler
                0x0800db68                DFSDM1_FLT1_IRQHandler
                0x0800db68                DMAMUX2_OVR_IRQHandler
                0x0800db68                TIM8_UP_TIM13_IRQHandler
                0x0800db68                I2C3_ER_IRQHandler
                0x0800db68                DFSDM1_FLT2_IRQHandler
                0x0800db68                MDMA_IRQHandler
                0x0800db68                LPTIM3_IRQHandler
                0x0800db68                HSEM1_IRQHandler
                0x0800db68                EXTI0_IRQHandler
                0x0800db68                I2C2_EV_IRQHandler
                0x0800db68                DMA1_Stream2_IRQHandler
                0x0800db68                FPU_IRQHandler
                0x0800db68                OTG_HS_WKUP_IRQHandler
                0x0800db68                FDCAN1_IT1_IRQHandler
                0x0800db68                LTDC_ER_IRQHandler
                0x0800db68                DMA2_Stream2_IRQHandler
                0x0800db68                HRTIM1_TIME_IRQHandler
                0x0800db68                SPI1_IRQHandler
                0x0800db68                TIM6_DAC_IRQHandler
                0x0800db68                DCMI_IRQHandler
                0x0800db68                HRTIM1_TIMC_IRQHandler
                0x0800db68                DMA2_Stream3_IRQHandler
                0x0800db68                SAI2_IRQHandler
                0x0800db68                DFSDM1_FLT3_IRQHandler
                0x0800db68                USART6_IRQHandler
                0x0800db68                TIM17_IRQHandler
                0x0800db68                USART3_IRQHandler
                0x0800db68                BDMA_Channel7_IRQHandler
                0x0800db68                LPTIM5_IRQHandler
                0x0800db68                UART5_IRQHandler
                0x0800db68                ADC3_IRQHandler
                0x0800db68                DMA2_Stream0_IRQHandler
                0x0800db68                TIM4_IRQHandler
                0x0800db68                BDMA_Channel2_IRQHandler
                0x0800db68                QUADSPI_IRQHandler
                0x0800db68                I2C1_EV_IRQHandler
                0x0800db68                DMA1_Stream6_IRQHandler
                0x0800db68                DMAMUX1_OVR_IRQHandler
                0x0800db68                DMA1_Stream1_IRQHandler
                0x0800db68                TIM16_IRQHandler
                0x0800db68                UART4_IRQHandler
                0x0800db68                BDMA_Channel5_IRQHandler
                0x0800db68                TIM3_IRQHandler
                0x0800db68                RCC_IRQHandler
                0x0800db68                TIM8_BRK_TIM12_IRQHandler
                0x0800db68                TIM1_TRG_COM_IRQHandler
                0x0800db68                Default_Handler
                0x0800db68                ECC_IRQHandler
                0x0800db68                CEC_IRQHandler
                0x0800db68                BDMA_Channel0_IRQHandler
                0x0800db68                ADC_IRQHandler
                0x0800db68                DMA1_Stream7_IRQHandler
                0x0800db68                HRTIM1_TIMA_IRQHandler
                0x0800db68                SPI5_IRQHandler
                0x0800db68                TIM7_IRQHandler
                0x0800db68                SDMMC1_IRQHandler
                0x0800db68                DMA2_Stream7_IRQHandler
                0x0800db68                TIM15_IRQHandler
                0x0800db68                PVD_AVD_IRQHandler
                0x0800db68                I2C3_EV_IRQHandler
                0x0800db68                RTC_WKUP_IRQHandler
                0x0800db68                LTDC_IRQHandler
                0x0800db68                SAI3_IRQHandler
                0x0800db68                ETH_WKUP_IRQHandler
                0x0800db68                SPDIF_RX_IRQHandler
                0x0800db68                SPI2_IRQHandler
                0x0800db68                OTG_HS_EP1_IN_IRQHandler
                0x0800db68                DMA1_Stream0_IRQHandler
                0x0800db68                CRS_IRQHandler
                0x0800db68                EXTI4_IRQHandler
                0x0800db68                RNG_IRQHandler
                0x0800db68                HRTIM1_TIMB_IRQHandler
                0x0800db68                FDCAN2_IT1_IRQHandler
                0x0800db68                ETH_IRQHandler
                0x0800db68                TIM1_UP_IRQHandler
                0x0800db68                BDMA_Channel4_IRQHandler
                0x0800db68                OTG_HS_EP1_OUT_IRQHandler
                0x0800db68                WWDG_IRQHandler
                0x0800db68                SPI6_IRQHandler
                0x0800db68                MDIOS_IRQHandler
                0x0800db68                I2C4_EV_IRQHandler
                0x0800db68                FDCAN2_IT0_IRQHandler
                0x0800db68                LPUART1_IRQHandler
                0x0800db68                FDCAN1_IT0_IRQHandler
                0x0800db68                OTG_FS_WKUP_IRQHandler
                0x0800db68                OTG_HS_IRQHandler
                0x0800db68                DMA2D_IRQHandler
                0x0800db68                TIM1_BRK_IRQHandler
                0x0800db68                SDMMC2_IRQHandler
                0x0800db68                OTG_FS_EP1_OUT_IRQHandler
                0x0800db68                BDMA_Channel3_IRQHandler
                0x0800db68                UART7_IRQHandler
                0x0800db68                MDIOS_WKUP_IRQHandler
                0x0800db68                USART2_IRQHandler
                0x0800db68                DFSDM1_FLT0_IRQHandler
                0x0800db68                SAI4_IRQHandler
                0x0800db68                I2C2_ER_IRQHandler
                0x0800db68                DMA2_Stream1_IRQHandler
                0x0800db68                FLASH_IRQHandler
                0x0800db68                DMA2_Stream4_IRQHandler
                0x0800db68                OTG_FS_IRQHandler
                0x0800db68                SPI3_IRQHandler
                0x0800db68                WAKEUP_PIN_IRQHandler
                0x0800db68                DMA1_Stream4_IRQHandler
                0x0800db68                OTG_FS_EP1_IN_IRQHandler
                0x0800db68                I2C1_ER_IRQHandler
                0x0800db68                FMC_IRQHandler
                0x0800db68                FDCAN_CAL_IRQHandler
                0x0800db68                SWPMI1_IRQHandler
                0x0800db68                COMP1_IRQHandler
                0x0800db68                LPTIM1_IRQHandler
                0x0800db68                I2C4_ER_IRQHandler
                0x0800db68                DMA2_Stream6_IRQHandler
                0x0800db68                SAI1_IRQHandler
                0x0800db68                DMA1_Stream3_IRQHandler
 *fill*         0x0800db6a        0x2 
 .text.printf   0x0800db6c       0x24 C:/ST/STM32CubeCLT_1.18.0/GNU-tools-for-STM32/bin/../lib/gcc/arm-none-eabi/13.3.1/../../../../arm-none-eabi/lib/thumb/v7e-m+dp/hard\libg_nano.a(libc_a-printf.o)
                0x0800db6c                iprintf
                0x0800db6c                printf
 .text.__errno  0x0800db90        0xc C:/ST/STM32CubeCLT_1.18.0/GNU-tools-for-STM32/bin/../lib/gcc/arm-none-eabi/13.3.1/../../../../arm-none-eabi/lib/thumb/v7e-m+dp/hard\libg_nano.a(libc_a-errno.o)
                0x0800db90                __errno
 *(.glue_7)
 .glue_7        0x0800db9c        0x0 linker stubs
 *(.glue_7t)
 .glue_7t       0x0800db9c        0x0 linker stubs
 *(.eh_frame)
 .eh_frame      0x0800db9c        0x0 C:/ST/STM32CubeCLT_1.18.0/GNU-tools-for-STM32/bin/../lib/gcc/arm-none-eabi/13.3.1/thumb/v7e-m+dp/hard/crtbegin.o
 *(.init)
 .init          0x0800db9c        0x4 C:/ST/STM32CubeCLT_1.18.0/GNU-tools-for-STM32/bin/../lib/gcc/arm-none-eabi/13.3.1/thumb/v7e-m+dp/hard/crti.o
                0x0800db9c                _init
 .init          0x0800dba0        0x8 C:/ST/STM32CubeCLT_1.18.0/GNU-tools-for-STM32/bin/../lib/gcc/arm-none-eabi/13.3.1/thumb/v7e-m+dp/hard/crtn.o
 *(.fini)
 .fini          0x0800dba8        0x4 C:/ST/STM32CubeCLT_1.18.0/GNU-tools-for-STM32/bin/../lib/gcc/arm-none-eabi/13.3.1/thumb/v7e-m+dp/hard/crti.o
                0x0800dba8                _fini
 .fini          0x0800dbac        0x8 C:/ST/STM32CubeCLT_1.18.0/GNU-tools-for-STM32/bin/../lib/gcc/arm-none-eabi/13.3.1/thumb/v7e-m+dp/hard/crtn.o
                0x0800dbb4                        . = ALIGN (0x4)
                0x0800dbb4                        _etext = .

.vfp11_veneer   0x0800dbb4        0x0
 .vfp11_veneer  0x0800dbb4        0x0 linker stubs

.v4_bx          0x0800dbb4        0x0
 .v4_bx         0x0800dbb4        0x0 linker stubs

.iplt           0x0800dbb4        0x0
 .iplt          0x0800dbb4        0x0 C:/ST/STM32CubeCLT_1.18.0/GNU-tools-for-STM32/bin/../lib/gcc/arm-none-eabi/13.3.1/thumb/v7e-m+dp/hard/crtbegin.o

.rodata         0x0800dbb8      0x544
                0x0800dbb8                        . = ALIGN (0x4)
 *(.rodata)
 .rodata        0x0800dbb8       0x2d CMakeFiles/Final_Bao.dir/Core/Src/action.c.obj
 *fill*         0x0800dbe5        0x3 
 .rodata        0x0800dbe8       0x38 CMakeFiles/Final_Bao.dir/Core/Src/keypad.c.obj
 .rodata        0x0800dc20       0xff CMakeFiles/Final_Bao.dir/Core/Src/uart1_module.c.obj
 *fill*         0x0800dd1f        0x1 
 .rodata        0x0800dd20       0x2f CMakeFiles/Final_Bao.dir/Core/Src/update_module.c.obj
 *(.rodata*)
 .rodata._printf_float.str1.1
                0x0800dd4f      0x171 C:/ST/STM32CubeCLT_1.18.0/GNU-tools-for-STM32/bin/../lib/gcc/arm-none-eabi/13.3.1/../../../../arm-none-eabi/lib/thumb/v7e-m+dp/hard\libc_nano.a(libc_a-nano-vfprintf_float.o)
                                 0x12 (size before relaxing)
 .rodata._printf_i.str1.1
                0x0800dec0       0x22 C:/ST/STM32CubeCLT_1.18.0/GNU-tools-for-STM32/bin/../lib/gcc/arm-none-eabi/13.3.1/../../../../arm-none-eabi/lib/thumb/v7e-m+dp/hard\libc_nano.a(libc_a-nano-vfprintf_i.o)
 .rodata._dtoa_r.str1.1
                0x0800dec0       0x8f C:/ST/STM32CubeCLT_1.18.0/GNU-tools-for-STM32/bin/../lib/gcc/arm-none-eabi/13.3.1/../../../../arm-none-eabi/lib/thumb/v7e-m+dp/hard\libc_nano.a(libc_a-dtoa.o)
 .rodata._Balloc.str1.1
                0x0800dec0       0x70 C:/ST/STM32CubeCLT_1.18.0/GNU-tools-for-STM32/bin/../lib/gcc/arm-none-eabi/13.3.1/../../../../arm-none-eabi/lib/thumb/v7e-m+dp/hard\libc_nano.a(libc_a-mprec.o)
 .rodata.__multadd.str1.1
                0x0800dec0       0x11 C:/ST/STM32CubeCLT_1.18.0/GNU-tools-for-STM32/bin/../lib/gcc/arm-none-eabi/13.3.1/../../../../arm-none-eabi/lib/thumb/v7e-m+dp/hard\libc_nano.a(libc_a-mprec.o)
 .rodata.p05.0  0x0800dec0        0xc C:/ST/STM32CubeCLT_1.18.0/GNU-tools-for-STM32/bin/../lib/gcc/arm-none-eabi/13.3.1/../../../../arm-none-eabi/lib/thumb/v7e-m+dp/hard\libc_nano.a(libc_a-mprec.o)
 *fill*         0x0800decc        0x4 
 .rodata.__mprec_bigtens
                0x0800ded0       0x28 C:/ST/STM32CubeCLT_1.18.0/GNU-tools-for-STM32/bin/../lib/gcc/arm-none-eabi/13.3.1/../../../../arm-none-eabi/lib/thumb/v7e-m+dp/hard\libc_nano.a(libc_a-mprec.o)
                0x0800ded0                __mprec_bigtens
 .rodata.__mprec_tens
                0x0800def8       0xc8 C:/ST/STM32CubeCLT_1.18.0/GNU-tools-for-STM32/bin/../lib/gcc/arm-none-eabi/13.3.1/../../../../arm-none-eabi/lib/thumb/v7e-m+dp/hard\libc_nano.a(libc_a-mprec.o)
                0x0800def8                __mprec_tens
 .rodata._setlocale_r.str1.1
                0x0800dfc0        0x9 C:/ST/STM32CubeCLT_1.18.0/GNU-tools-for-STM32/bin/../lib/gcc/arm-none-eabi/13.3.1/../../../../arm-none-eabi/lib/thumb/v7e-m+dp/hard\libc_nano.a(libc_a-locale.o)
 .rodata.str1.1
                0x0800dfc0        0x2 C:/ST/STM32CubeCLT_1.18.0/GNU-tools-for-STM32/bin/../lib/gcc/arm-none-eabi/13.3.1/../../../../arm-none-eabi/lib/thumb/v7e-m+dp/hard\libc_nano.a(libc_a-locale.o)
 .rodata.__assert_func.str1.1
                0x0800dfc0       0x3d C:/ST/STM32CubeCLT_1.18.0/GNU-tools-for-STM32/bin/../lib/gcc/arm-none-eabi/13.3.1/../../../../arm-none-eabi/lib/thumb/v7e-m+dp/hard\libc_nano.a(libc_a-assert.o)
 .rodata._ctype_
                0x0800dfc0      0x101 C:/ST/STM32CubeCLT_1.18.0/GNU-tools-for-STM32/bin/../lib/gcc/arm-none-eabi/13.3.1/../../../../arm-none-eabi/lib/thumb/v7e-m+dp/hard\libc_nano.a(libc_a-ctype_.o)
                0x0800dfc0                _ctype_
 .rodata._vfprintf_r.str1.1
                0x0800e0c1       0x11 C:/ST/STM32CubeCLT_1.18.0/GNU-tools-for-STM32/bin/../lib/gcc/arm-none-eabi/13.3.1/../../../../arm-none-eabi/lib/thumb/v7e-m+dp/hard\libc_nano.a(libc_a-nano-vfprintf.o)
 *fill*         0x0800e0c1        0x3 
 .rodata.D1CorePrescTable
                0x0800e0c4       0x10 CMakeFiles/Final_Bao.dir/Core/Src/system_stm32h7xx.c.obj
                0x0800e0c4                D1CorePrescTable
 .rodata.UARTPrescTable
                0x0800e0d4       0x18 CMakeFiles/Final_Bao.dir/Drivers/STM32H7xx_HAL_Driver/Src/stm32h7xx_hal_uart.c.obj
                0x0800e0d4                UARTPrescTable
 .rodata.numerator.1
                0x0800e0ec        0x8 CMakeFiles/Final_Bao.dir/Drivers/STM32H7xx_HAL_Driver/Src/stm32h7xx_hal_uart_ex.c.obj
 .rodata.denominator.0
                0x0800e0f4        0x8 CMakeFiles/Final_Bao.dir/Drivers/STM32H7xx_HAL_Driver/Src/stm32h7xx_hal_uart_ex.c.obj
                0x0800e0fc                        . = ALIGN (0x4)

.ARM.extab
 *(.ARM.extab* .gnu.linkonce.armextab.*)

.ARM            0x0800e0fc        0x8
                0x0800e0fc                        __exidx_start = .
 *(.ARM.exidx*)
 .ARM.exidx     0x0800e0fc        0x8 C:/ST/STM32CubeCLT_1.18.0/GNU-tools-for-STM32/bin/../lib/gcc/arm-none-eabi/13.3.1/../../../../arm-none-eabi/lib/thumb/v7e-m+dp/hard\libc_nano.a(libc_a-memchr.o)
 .ARM.exidx     0x0800e104        0x0 C:/ST/STM32CubeCLT_1.18.0/GNU-tools-for-STM32/bin/../lib/gcc/arm-none-eabi/13.3.1/../../../../arm-none-eabi/lib/thumb/v7e-m+dp/hard\libc_nano.a(libc_a-strlen.o)
                                  0x8 (size before relaxing)
 .ARM.exidx     0x0800e104        0x0 C:/ST/STM32CubeCLT_1.18.0/GNU-tools-for-STM32/bin/../lib/gcc/arm-none-eabi/13.3.1/thumb/v7e-m+dp/hard\libgcc.a(_udivmoddi4.o)
                                  0x8 (size before relaxing)
                0x0800e104                        __exidx_end = .

.rel.dyn        0x0800e104        0x0
 .rel.iplt      0x0800e104        0x0 C:/ST/STM32CubeCLT_1.18.0/GNU-tools-for-STM32/bin/../lib/gcc/arm-none-eabi/13.3.1/thumb/v7e-m+dp/hard/crtbegin.o

.preinit_array  0x0800e104        0x0
                0x0800e104                        PROVIDE (__preinit_array_start = .)
 *(.preinit_array*)
                0x0800e104                        PROVIDE (__preinit_array_end = .)

.init_array     0x0800e104        0x4
                0x0800e104                        PROVIDE (__init_array_start = .)
 *(SORT_BY_NAME(.init_array.*))
 *(.init_array*)
 .init_array    0x0800e104        0x4 C:/ST/STM32CubeCLT_1.18.0/GNU-tools-for-STM32/bin/../lib/gcc/arm-none-eabi/13.3.1/thumb/v7e-m+dp/hard/crtbegin.o
                0x0800e108                        PROVIDE (__init_array_end = .)

.fini_array     0x0800e108        0x4
                [!provide]                        PROVIDE (__fini_array_start = .)
 *(SORT_BY_NAME(.fini_array.*))
 *(.fini_array*)
 .fini_array    0x0800e108        0x4 C:/ST/STM32CubeCLT_1.18.0/GNU-tools-for-STM32/bin/../lib/gcc/arm-none-eabi/13.3.1/thumb/v7e-m+dp/hard/crtbegin.o
                [!provide]                        PROVIDE (__fini_array_end = .)
                0x0800e10c                        _sidata = LOADADDR (.data)

.data           0x20000000      0x1f0 load address 0x0800e10c
                0x20000000                        . = ALIGN (0x4)
                0x20000000                        _sdata = .
 *(.data)
 *(.data*)
 .data.__sglue  0x20000000        0xc C:/ST/STM32CubeCLT_1.18.0/GNU-tools-for-STM32/bin/../lib/gcc/arm-none-eabi/13.3.1/../../../../arm-none-eabi/lib/thumb/v7e-m+dp/hard\libc_nano.a(libc_a-findfp.o)
                0x20000000                __sglue
 .data._impure_ptr
                0x2000000c        0x4 C:/ST/STM32CubeCLT_1.18.0/GNU-tools-for-STM32/bin/../lib/gcc/arm-none-eabi/13.3.1/../../../../arm-none-eabi/lib/thumb/v7e-m+dp/hard\libc_nano.a(libc_a-impure.o)
                0x2000000c                _impure_ptr
 .data._impure_data
                0x20000010       0x4c C:/ST/STM32CubeCLT_1.18.0/GNU-tools-for-STM32/bin/../lib/gcc/arm-none-eabi/13.3.1/../../../../arm-none-eabi/lib/thumb/v7e-m+dp/hard\libc_nano.a(libc_a-impure.o)
                0x20000010                _impure_data
 .data.__global_locale
                0x2000005c      0x16c C:/ST/STM32CubeCLT_1.18.0/GNU-tools-for-STM32/bin/../lib/gcc/arm-none-eabi/13.3.1/../../../../arm-none-eabi/lib/thumb/v7e-m+dp/hard\libc_nano.a(libc_a-locale.o)
                0x2000005c                __global_locale
 .data.durationOpendoor
                0x200001c8        0x4 CMakeFiles/Final_Bao.dir/Core/Src/action.c.obj
                0x200001c8                durationOpendoor
 .data.stopTime
                0x200001cc        0x4 CMakeFiles/Final_Bao.dir/Core/Src/action.c.obj
                0x200001cc                stopTime
 .data.distanceRead
                0x200001d0        0x4 CMakeFiles/Final_Bao.dir/Core/Src/sensor_module.c.obj
                0x200001d0                distanceRead
 .data.SystemCoreClock
                0x200001d4        0x4 CMakeFiles/Final_Bao.dir/Core/Src/system_stm32h7xx.c.obj
                0x200001d4                SystemCoreClock
 .data.SystemD2Clock
                0x200001d8        0x4 CMakeFiles/Final_Bao.dir/Core/Src/system_stm32h7xx.c.obj
                0x200001d8                SystemD2Clock
 .data.usepassword
                0x200001dc        0x4 CMakeFiles/Final_Bao.dir/Core/Src/uart1_module.c.obj
                0x200001dc                usepassword
 .data.try      0x200001e0        0x1 CMakeFiles/Final_Bao.dir/Core/Src/uart1_module.c.obj
                0x200001e0                try
 *fill*         0x200001e1        0x3 
 .data.distance
                0x200001e4        0x4 CMakeFiles/Final_Bao.dir/Core/Src/update_module.c.obj
                0x200001e4                distance
 .data.uwTickPrio
                0x200001e8        0x4 CMakeFiles/Final_Bao.dir/Drivers/STM32H7xx_HAL_Driver/Src/stm32h7xx_hal.c.obj
                0x200001e8                uwTickPrio
 .data.uwTickFreq
                0x200001ec        0x1 CMakeFiles/Final_Bao.dir/Drivers/STM32H7xx_HAL_Driver/Src/stm32h7xx_hal.c.obj
                0x200001ec                uwTickFreq
                0x200001f0                        . = ALIGN (0x4)
 *fill*         0x200001ed        0x3 
                0x200001f0                        _edata = .

.igot.plt       0x200001f0        0x0 load address 0x0800e2fc
 .igot.plt      0x200001f0        0x0 C:/ST/STM32CubeCLT_1.18.0/GNU-tools-for-STM32/bin/../lib/gcc/arm-none-eabi/13.3.1/thumb/v7e-m+dp/hard/crtbegin.o
                0x200001f0                        . = ALIGN (0x4)

.bss            0x200001f0      0x398 load address 0x0800e2fc
                0x200001f0                        _sbss = .
                0x200001f0                        __bss_start__ = _sbss
 *(.bss)
 .bss           0x200001f0       0x1c C:/ST/STM32CubeCLT_1.18.0/GNU-tools-for-STM32/bin/../lib/gcc/arm-none-eabi/13.3.1/thumb/v7e-m+dp/hard/crtbegin.o
 *(.bss*)
 .bss.__sf      0x2000020c      0x138 C:/ST/STM32CubeCLT_1.18.0/GNU-tools-for-STM32/bin/../lib/gcc/arm-none-eabi/13.3.1/../../../../arm-none-eabi/lib/thumb/v7e-m+dp/hard\libc_nano.a(libc_a-findfp.o)
                0x2000020c                __sf
 .bss.__stdio_exit_handler
                0x20000344        0x4 C:/ST/STM32CubeCLT_1.18.0/GNU-tools-for-STM32/bin/../lib/gcc/arm-none-eabi/13.3.1/../../../../arm-none-eabi/lib/thumb/v7e-m+dp/hard\libc_nano.a(libc_a-findfp.o)
                0x20000344                __stdio_exit_handler
 .bss.errno     0x20000348        0x4 C:/ST/STM32CubeCLT_1.18.0/GNU-tools-for-STM32/bin/../lib/gcc/arm-none-eabi/13.3.1/../../../../arm-none-eabi/lib/thumb/v7e-m+dp/hard\libc_nano.a(libc_a-reent.o)
                0x20000348                errno
 .bss.__lock___malloc_recursive_mutex
                0x2000034c        0x1 C:/ST/STM32CubeCLT_1.18.0/GNU-tools-for-STM32/bin/../lib/gcc/arm-none-eabi/13.3.1/../../../../arm-none-eabi/lib/thumb/v7e-m+dp/hard\libc_nano.a(libc_a-lock.o)
                0x2000034c                __lock___malloc_recursive_mutex
 .bss.__lock___sfp_recursive_mutex
                0x2000034d        0x1 C:/ST/STM32CubeCLT_1.18.0/GNU-tools-for-STM32/bin/../lib/gcc/arm-none-eabi/13.3.1/../../../../arm-none-eabi/lib/thumb/v7e-m+dp/hard\libc_nano.a(libc_a-lock.o)
                0x2000034d                __lock___sfp_recursive_mutex
 *fill*         0x2000034e        0x2 
 .bss.__malloc_sbrk_start
                0x20000350        0x4 C:/ST/STM32CubeCLT_1.18.0/GNU-tools-for-STM32/bin/../lib/gcc/arm-none-eabi/13.3.1/../../../../arm-none-eabi/lib/thumb/v7e-m+dp/hard\libc_nano.a(libc_a-mallocr.o)
                0x20000350                __malloc_sbrk_start
 .bss.__malloc_free_list
                0x20000354        0x4 C:/ST/STM32CubeCLT_1.18.0/GNU-tools-for-STM32/bin/../lib/gcc/arm-none-eabi/13.3.1/../../../../arm-none-eabi/lib/thumb/v7e-m+dp/hard\libc_nano.a(libc_a-mallocr.o)
                0x20000354                __malloc_free_list
 .bss.stopAction
                0x20000358        0x4 CMakeFiles/Final_Bao.dir/Core/Src/action.c.obj
                0x20000358                stopAction
 .bss.startAction
                0x2000035c        0x4 CMakeFiles/Final_Bao.dir/Core/Src/action.c.obj
                0x2000035c                startAction
 .bss.manualOpen
                0x20000360        0x1 CMakeFiles/Final_Bao.dir/Core/Src/action.c.obj
                0x20000360                manualOpen
 .bss.isManual  0x20000361        0x1 CMakeFiles/Final_Bao.dir/Core/Src/action.c.obj
                0x20000361                isManual
 .bss.preventLoop
                0x20000362        0x1 CMakeFiles/Final_Bao.dir/Core/Src/action.c.obj
                0x20000362                preventLoop
 .bss.onetimeOpen
                0x20000363        0x1 CMakeFiles/Final_Bao.dir/Core/Src/action.c.obj
                0x20000363                onetimeOpen
 .bss.onetimeClose
                0x20000364        0x1 CMakeFiles/Final_Bao.dir/Core/Src/action.c.obj
                0x20000364                onetimeClose
 .bss.flaglight
                0x20000365        0x1 CMakeFiles/Final_Bao.dir/Core/Src/action.c.obj
 *fill*         0x20000366        0x2 
 .bss.timeoff_light
                0x20000368        0x4 CMakeFiles/Final_Bao.dir/Core/Src/action.c.obj
 .bss.change_state
                0x2000036c        0x1 CMakeFiles/Final_Bao.dir/Core/Src/action.c.obj
 *fill*         0x2000036d        0x3 
 .bss.GPIO_InitStructPrivate
                0x20000370       0x14 CMakeFiles/Final_Bao.dir/Core/Src/keypad.c.obj
                0x20000370                GPIO_InitStructPrivate
 .bss.keyPressed
                0x20000384        0x1 CMakeFiles/Final_Bao.dir/Core/Src/keypad.c.obj
                0x20000384                keyPressed
 .bss.keyPush   0x20000385        0x1 CMakeFiles/Final_Bao.dir/Core/Src/keypad.c.obj
                0x20000385                keyPush
 .bss.onetimeUpdate
                0x20000386        0x1 CMakeFiles/Final_Bao.dir/Core/Src/keypad.c.obj
                0x20000386                onetimeUpdate
 .bss.changepassPhysical
                0x20000387        0x1 CMakeFiles/Final_Bao.dir/Core/Src/keypad.c.obj
                0x20000387                changepassPhysical
 .bss.hi2c3     0x20000388       0x54 CMakeFiles/Final_Bao.dir/Core/Src/lcd_module.c.obj
                0x20000388                hi2c3
 .bss.htim1     0x200003dc       0x4c CMakeFiles/Final_Bao.dir/Core/Src/sensor_module.c.obj
                0x200003dc                htim1
 .bss.htim2     0x20000428       0x4c CMakeFiles/Final_Bao.dir/Core/Src/sensor_module.c.obj
                0x20000428                htim2
 .bss.htim5     0x20000474       0x4c CMakeFiles/Final_Bao.dir/Core/Src/sensor_module.c.obj
                0x20000474                htim5
 .bss.capture_rising
                0x200004c0        0x4 CMakeFiles/Final_Bao.dir/Core/Src/sensor_module.c.obj
                0x200004c0                capture_rising
 .bss.capture_falling
                0x200004c4        0x4 CMakeFiles/Final_Bao.dir/Core/Src/sensor_module.c.obj
                0x200004c4                capture_falling
 .bss.capture_flag
                0x200004c8        0x1 CMakeFiles/Final_Bao.dir/Core/Src/sensor_module.c.obj
                0x200004c8                capture_flag
 .bss.signal_state
                0x200004c9        0x1 CMakeFiles/Final_Bao.dir/Core/Src/sensor_module.c.obj
                0x200004c9                signal_state
 *fill*         0x200004ca        0x2 
 .bss.__sbrk_heap_end
                0x200004cc        0x4 CMakeFiles/Final_Bao.dir/Core/Src/sysmem.c.obj
 .bss.huart1    0x200004d0       0x94 CMakeFiles/Final_Bao.dir/Core/Src/uart1_module.c.obj
                0x200004d0                huart1
 .bss.showDis   0x20000564        0x1 CMakeFiles/Final_Bao.dir/Core/Src/uart1_module.c.obj
 .bss.showPir   0x20000565        0x1 CMakeFiles/Final_Bao.dir/Core/Src/uart1_module.c.obj
 .bss.changepass
                0x20000566        0x1 CMakeFiles/Final_Bao.dir/Core/Src/uart1_module.c.obj
 .bss.changepass_state
                0x20000567        0x1 CMakeFiles/Final_Bao.dir/Core/Src/uart1_module.c.obj
 .bss.pccommand
                0x20000568        0x1 CMakeFiles/Final_Bao.dir/Core/Src/uart1_module.c.obj
 *fill*         0x20000569        0x3 
 .bss.temppassword
                0x2000056c        0x4 CMakeFiles/Final_Bao.dir/Core/Src/uart1_module.c.obj
                0x2000056c                temppassword
 .bss.lock_system
                0x20000570        0x1 CMakeFiles/Final_Bao.dir/Core/Src/uart1_module.c.obj
                0x20000570                lock_system
 .bss.input     0x20000571        0x1 CMakeFiles/Final_Bao.dir/Core/Src/uart1_module.c.obj
                0x20000571                input
 *fill*         0x20000572        0x2 
 .bss.nextTimeclose
                0x20000574        0x4 CMakeFiles/Final_Bao.dir/Core/Src/update_module.c.obj
                0x20000574                nextTimeclose
 .bss.human     0x20000578        0x1 CMakeFiles/Final_Bao.dir/Core/Src/update_module.c.obj
                0x20000578                human
 .bss.move      0x20000579        0x1 CMakeFiles/Final_Bao.dir/Core/Src/update_module.c.obj
                0x20000579                move
 .bss.countpass
                0x2000057a        0x1 CMakeFiles/Final_Bao.dir/Core/Src/update_module.c.obj
 *fill*         0x2000057b        0x1 
 .bss.temppass  0x2000057c        0x5 CMakeFiles/Final_Bao.dir/Core/Src/update_module.c.obj
 *fill*         0x20000581        0x3 
 .bss.uwTick    0x20000584        0x4 CMakeFiles/Final_Bao.dir/Drivers/STM32H7xx_HAL_Driver/Src/stm32h7xx_hal.c.obj
                0x20000584                uwTick
 *(COMMON)
                0x20000588                        . = ALIGN (0x4)
                0x20000588                        _ebss = .
                0x20000588                        __bss_end__ = _ebss

._user_heap_stack
                0x20000588      0x600 load address 0x0800e2fc
                0x20000588                        . = ALIGN (0x8)
                [!provide]                        PROVIDE (end = .)
                0x20000588                        PROVIDE (_end = .)
                0x20000788                        . = (. + _Min_Heap_Size)
 *fill*         0x20000588      0x200 
                0x20000b88                        . = (. + _Min_Stack_Size)
 *fill*         0x20000788      0x400 
                0x20000b88                        . = ALIGN (0x8)

/DISCARD/
 libc.a(*)
 libm.a(*)
 libgcc.a(*)
OUTPUT(Final_Bao.elf elf32-littlearm)
LOAD linker stubs
LOAD C:/ST/STM32CubeCLT_1.18.0/GNU-tools-for-STM32/bin/../lib/gcc/arm-none-eabi/13.3.1/../../../../arm-none-eabi/lib/thumb/v7e-m+dp/hard\libc.a
LOAD C:/ST/STM32CubeCLT_1.18.0/GNU-tools-for-STM32/bin/../lib/gcc/arm-none-eabi/13.3.1/../../../../arm-none-eabi/lib/thumb/v7e-m+dp/hard\libm.a
LOAD C:/ST/STM32CubeCLT_1.18.0/GNU-tools-for-STM32/bin/../lib/gcc/arm-none-eabi/13.3.1/thumb/v7e-m+dp/hard\libgcc.a

.ARM.attributes
                0x00000000       0x2e
 .ARM.attributes
                0x00000000       0x20 C:/ST/STM32CubeCLT_1.18.0/GNU-tools-for-STM32/bin/../lib/gcc/arm-none-eabi/13.3.1/thumb/v7e-m+dp/hard/crti.o
 .ARM.attributes
                0x00000020       0x32 C:/ST/STM32CubeCLT_1.18.0/GNU-tools-for-STM32/bin/../lib/gcc/arm-none-eabi/13.3.1/thumb/v7e-m+dp/hard/crtbegin.o
 .ARM.attributes
                0x00000052       0x32 C:/ST/STM32CubeCLT_1.18.0/GNU-tools-for-STM32/bin/../lib/gcc/arm-none-eabi/13.3.1/../../../../arm-none-eabi/lib/thumb/v7e-m+dp/hard\libc_nano.a(libc_a-nano-vfprintf_float.o)
 .ARM.attributes
                0x00000084       0x32 C:/ST/STM32CubeCLT_1.18.0/GNU-tools-for-STM32/bin/../lib/gcc/arm-none-eabi/13.3.1/../../../../arm-none-eabi/lib/thumb/v7e-m+dp/hard\libc_nano.a(libc_a-nano-vfprintf_i.o)
 .ARM.attributes
                0x000000b6       0x32 C:/ST/STM32CubeCLT_1.18.0/GNU-tools-for-STM32/bin/../lib/gcc/arm-none-eabi/13.3.1/../../../../arm-none-eabi/lib/thumb/v7e-m+dp/hard\libc_nano.a(libc_a-findfp.o)
 .ARM.attributes
                0x000000e8       0x32 C:/ST/STM32CubeCLT_1.18.0/GNU-tools-for-STM32/bin/../lib/gcc/arm-none-eabi/13.3.1/../../../../arm-none-eabi/lib/thumb/v7e-m+dp/hard\libc_nano.a(libc_a-fwalk.o)
 .ARM.attributes
                0x0000011a       0x32 C:/ST/STM32CubeCLT_1.18.0/GNU-tools-for-STM32/bin/../lib/gcc/arm-none-eabi/13.3.1/../../../../arm-none-eabi/lib/thumb/v7e-m+dp/hard\libc_nano.a(libc_a-stdio.o)
 .ARM.attributes
                0x0000014c       0x32 C:/ST/STM32CubeCLT_1.18.0/GNU-tools-for-STM32/bin/../lib/gcc/arm-none-eabi/13.3.1/../../../../arm-none-eabi/lib/thumb/v7e-m+dp/hard\libc_nano.a(libc_a-memset.o)
 .ARM.attributes
                0x0000017e       0x32 C:/ST/STM32CubeCLT_1.18.0/GNU-tools-for-STM32/bin/../lib/gcc/arm-none-eabi/13.3.1/../../../../arm-none-eabi/lib/thumb/v7e-m+dp/hard\libc_nano.a(libc_a-localeconv.o)
 .ARM.attributes
                0x000001b0       0x32 C:/ST/STM32CubeCLT_1.18.0/GNU-tools-for-STM32/bin/../lib/gcc/arm-none-eabi/13.3.1/../../../../arm-none-eabi/lib/thumb/v7e-m+dp/hard\libc_nano.a(libc_a-closer.o)
 .ARM.attributes
                0x000001e2       0x32 C:/ST/STM32CubeCLT_1.18.0/GNU-tools-for-STM32/bin/../lib/gcc/arm-none-eabi/13.3.1/../../../../arm-none-eabi/lib/thumb/v7e-m+dp/hard\libc_nano.a(libc_a-reent.o)
 .ARM.attributes
                0x00000214       0x32 C:/ST/STM32CubeCLT_1.18.0/GNU-tools-for-STM32/bin/../lib/gcc/arm-none-eabi/13.3.1/../../../../arm-none-eabi/lib/thumb/v7e-m+dp/hard\libc_nano.a(libc_a-impure.o)
 .ARM.attributes
                0x00000246       0x32 C:/ST/STM32CubeCLT_1.18.0/GNU-tools-for-STM32/bin/../lib/gcc/arm-none-eabi/13.3.1/../../../../arm-none-eabi/lib/thumb/v7e-m+dp/hard\libc_nano.a(libc_a-lseekr.o)
 .ARM.attributes
                0x00000278       0x32 C:/ST/STM32CubeCLT_1.18.0/GNU-tools-for-STM32/bin/../lib/gcc/arm-none-eabi/13.3.1/../../../../arm-none-eabi/lib/thumb/v7e-m+dp/hard\libc_nano.a(libc_a-readr.o)
 .ARM.attributes
                0x000002aa       0x32 C:/ST/STM32CubeCLT_1.18.0/GNU-tools-for-STM32/bin/../lib/gcc/arm-none-eabi/13.3.1/../../../../arm-none-eabi/lib/thumb/v7e-m+dp/hard\libc_nano.a(libc_a-writer.o)
 .ARM.attributes
                0x000002dc       0x32 C:/ST/STM32CubeCLT_1.18.0/GNU-tools-for-STM32/bin/../lib/gcc/arm-none-eabi/13.3.1/../../../../arm-none-eabi/lib/thumb/v7e-m+dp/hard\libc_nano.a(libc_a-init.o)
 .ARM.attributes
                0x0000030e       0x32 C:/ST/STM32CubeCLT_1.18.0/GNU-tools-for-STM32/bin/../lib/gcc/arm-none-eabi/13.3.1/../../../../arm-none-eabi/lib/thumb/v7e-m+dp/hard\libc_nano.a(libc_a-lock.o)
 .ARM.attributes
                0x00000340       0x1c C:/ST/STM32CubeCLT_1.18.0/GNU-tools-for-STM32/bin/../lib/gcc/arm-none-eabi/13.3.1/../../../../arm-none-eabi/lib/thumb/v7e-m+dp/hard\libc_nano.a(libc_a-memchr.o)
 .ARM.attributes
                0x0000035c       0x17 C:/ST/STM32CubeCLT_1.18.0/GNU-tools-for-STM32/bin/../lib/gcc/arm-none-eabi/13.3.1/../../../../arm-none-eabi/lib/thumb/v7e-m+dp/hard\libc_nano.a(libc_a-strlen.o)
 .ARM.attributes
                0x00000373       0x32 C:/ST/STM32CubeCLT_1.18.0/GNU-tools-for-STM32/bin/../lib/gcc/arm-none-eabi/13.3.1/../../../../arm-none-eabi/lib/thumb/v7e-m+dp/hard\libc_nano.a(libc_a-dtoa.o)
 .ARM.attributes
                0x000003a5       0x32 C:/ST/STM32CubeCLT_1.18.0/GNU-tools-for-STM32/bin/../lib/gcc/arm-none-eabi/13.3.1/../../../../arm-none-eabi/lib/thumb/v7e-m+dp/hard\libc_nano.a(libc_a-freer.o)
 .ARM.attributes
                0x000003d7       0x32 C:/ST/STM32CubeCLT_1.18.0/GNU-tools-for-STM32/bin/../lib/gcc/arm-none-eabi/13.3.1/../../../../arm-none-eabi/lib/thumb/v7e-m+dp/hard\libc_nano.a(libc_a-malloc.o)
 .ARM.attributes
                0x00000409       0x32 C:/ST/STM32CubeCLT_1.18.0/GNU-tools-for-STM32/bin/../lib/gcc/arm-none-eabi/13.3.1/../../../../arm-none-eabi/lib/thumb/v7e-m+dp/hard\libc_nano.a(libc_a-mallocr.o)
 .ARM.attributes
                0x0000043b       0x32 C:/ST/STM32CubeCLT_1.18.0/GNU-tools-for-STM32/bin/../lib/gcc/arm-none-eabi/13.3.1/../../../../arm-none-eabi/lib/thumb/v7e-m+dp/hard\libc_nano.a(libc_a-mlock.o)
 .ARM.attributes
                0x0000046d       0x32 C:/ST/STM32CubeCLT_1.18.0/GNU-tools-for-STM32/bin/../lib/gcc/arm-none-eabi/13.3.1/../../../../arm-none-eabi/lib/thumb/v7e-m+dp/hard\libc_nano.a(libc_a-mprec.o)
 .ARM.attributes
                0x0000049f       0x32 C:/ST/STM32CubeCLT_1.18.0/GNU-tools-for-STM32/bin/../lib/gcc/arm-none-eabi/13.3.1/../../../../arm-none-eabi/lib/thumb/v7e-m+dp/hard\libc_nano.a(libc_a-fflush.o)
 .ARM.attributes
                0x000004d1       0x32 C:/ST/STM32CubeCLT_1.18.0/GNU-tools-for-STM32/bin/../lib/gcc/arm-none-eabi/13.3.1/../../../../arm-none-eabi/lib/thumb/v7e-m+dp/hard\libc_nano.a(libc_a-locale.o)
 .ARM.attributes